******************************************************************************
                  TI ARM Linker PC v20.2.7                     
******************************************************************************
>> Linked Wed Nov 16 19:24:33 2022

OUTPUT FILE NAME:   <RTOS_Final_Project.out>
ENTRY POINT SYMBOL: "_c_int00_noargs"  address: 00002791


MEMORY CONFIGURATION

         name            origin    length      used     unused   attr    fill
----------------------  --------  ---------  --------  --------  ----  --------
  FLASH                 00000000   00040000  0000286c  0003d794  R  X
  SRAM                  20000000   00001400  0000131c  000000e4  RW X


SEGMENT ALLOCATION MAP

run origin  load origin   length   init length attrs members
----------  ----------- ---------- ----------- ----- -------
00000000    00000000    00002870   00002870    r-x
  00000000    00000000    0000026c   0000026c    r-- .intvecs
  0000026c    0000026c    000025c8   000025c8    r-x .text
  00002838    00002838    00000038   00000038    r-- .cinit
20000000    20000000    0000131c   00000000    rw-
  20000000    20000000    00001000   00000000    rw- .stack
  20001000    20001000    0000030c   00000000    rw- .bss
  2000130c    2000130c    00000010   00000000    rw- .data


SECTION ALLOCATION MAP

 output                                  attributes/
section   page    origin      length       input sections
--------  ----  ----------  ----------   ----------------
.intvecs   0    00000000    0000026c     
                  00000000    0000026c     tm4c123gh6pm_startup_ccs.obj (.intvecs)

.text      0    0000026c    000025c8     
                  0000026c    00001070     main.obj (.text)
                  000012dc    000008d0     shell.obj (.text)
                  00001bac    000007c0     gpio.obj (.text)
                  0000236c    0000017c     uart0.obj (.text)
                  000024e8    000000e4     PSP.obj (.text)
                  000025cc    0000009c     rtsv7M4_T_le_v4SPD16_eabi.lib : memcpy_t2.asm.obj (.text)
                  00002668    0000007a                                   : memset_t2.asm.obj (.text)
                  000026e2    00000068                                   : copy_decompress_lzss.c.obj (.text:decompress:lzss:__TI_decompress_lzss)
                  0000274a    00000002     --HOLE-- [fill = 0]
                  0000274c    00000044                                   : autoinit.c.obj (.text:__TI_auto_init_nobinit_nopinit:__TI_auto_init_nobinit_nopinit)
                  00002790    00000034                                   : boot_cortex_m.c.obj (.text:_c_int00_noargs:_c_int00_noargs)
                  000027c4    00000024     wait.obj (.text)
                  000027e8    0000001c     rtsv7M4_T_le_v4SPD16_eabi.lib : copy_zero_init.c.obj (.text:decompress:ZI:__TI_zero_init_nomemset:__TI_zero_init_nomemset)
                  00002804    00000010     clock.obj (.text)
                  00002814    0000000e     rtsv7M4_T_le_v4SPD16_eabi.lib : copy_decompress_none.c.obj (.text:decompress:none:__TI_decompress_none)
                  00002822    0000000a     tm4c123gh6pm_startup_ccs.obj (.text)
                  0000282c    00000004     rtsv7M4_T_le_v4SPD16_eabi.lib : pre_init.c.obj (.text:_system_pre_init)
                  00002830    00000004                                   : exit.c.obj (.text:abort:abort)

.cinit     0    00002838    00000038     
                  00002838    00000014     (.cinit..data.load) [load image, compression = lzss]
                  0000284c    0000000c     (__TI_handler_table)
                  00002858    00000008     (.cinit..bss.load) [load image, compression = zero_init]
                  00002860    00000010     (__TI_cinit_table)

.init_array 
*          0    00000000    00000000     UNINITIALIZED

.bss       0    20001000    0000030c     UNINITIALIZED
                  20001000    00000240     (.common:tcb)
                  20001240    00000078     (.common:semaphores)
                  200012b8    0000003d     shell.obj (.bss:data$4)
                  200012f5    00000010     shell.obj (.bss:hexNum$1)
                  20001305    00000002     shell.obj (.bss)
                  20001307    00000001     (.common:c)
                  20001308    00000004     (.common:testNum)

.data      0    2000130c    00000010     UNINITIALIZED
                  2000130c    00000010     main.obj (.data)

.stack     0    20000000    00001000     UNINITIALIZED
                  20000000    00000004     rtsv7M4_T_le_v4SPD16_eabi.lib : boot_cortex_m.c.obj (.stack)
                  20000004    00000ffc     --HOLE--

__llvm_prf_cnts 
*          0    20000000    00000000     UNINITIALIZED

MODULE SUMMARY

       Module                         code   ro data   rw data
       ------                         ----   -------   -------
    .\
       main.obj                       4208   0         712    
       shell.obj                      2256   0         84     
       gpio.obj                       1984   0         0      
       tm4c123gh6pm_startup_ccs.obj   10     620       0      
       uart0.obj                      380    0         0      
       PSP.obj                        228    0         0      
       wait.obj                       36     0         0      
       clock.obj                      16     0         0      
    +--+------------------------------+------+---------+---------+
       Total:                         9118   620       796    
                                                              
    D:\ti\ccs1040\ccs\tools\compiler\ti-cgt-arm_20.2.7.LTS\lib\rtsv7M4_T_le_v4SPD16_eabi.lib
       memcpy_t2.asm.obj              156    0         0      
       memset_t2.asm.obj              122    0         0      
       copy_decompress_lzss.c.obj     104    0         0      
       autoinit.c.obj                 68     0         0      
       boot_cortex_m.c.obj            52     0         0      
       copy_zero_init.c.obj           28     0         0      
       copy_decompress_none.c.obj     14     0         0      
       exit.c.obj                     4      0         0      
       pre_init.c.obj                 4      0         0      
    +--+------------------------------+------+---------+---------+
       Total:                         552    0         0      
                                                              
       Stack:                         0      0         4096   
       Linker Generated:              0      56        0      
    +--+------------------------------+------+---------+---------+
       Grand Total:                   9670   676       4892   


LINKER GENERATED COPY TABLES

__TI_cinit_table @ 00002860 records: 2, size/record: 8, table size: 16
	.data: load addr=00002838, load size=00000014 bytes, run addr=2000130c, run size=00000010 bytes, compression=lzss
	.bss: load addr=00002858, load size=00000008 bytes, run addr=20001000, run size=0000030c bytes, compression=zero_init


LINKER GENERATED HANDLER TABLE

__TI_handler_table @ 0000284c records: 3, size/record: 4, table size: 12
	index: 0, handler: __TI_decompress_lzss
	index: 1, handler: __TI_decompress_none
	index: 2, handler: __TI_zero_init


GLOBAL SYMBOLS: SORTED ALPHABETICALLY BY Name 

address   name                          
-------   ----                          
00002831  C$$EXIT                       
00002823  ResetISR                      
20001000  __STACK_END                   
00001000  __STACK_SIZE                  
20000200  __STACK_TOP                   
00002860  __TI_CINIT_Base               
00002870  __TI_CINIT_Limit              
0000284c  __TI_Handler_Table_Base       
00002858  __TI_Handler_Table_Limit      
0000274d  __TI_auto_init_nobinit_nopinit
000026e3  __TI_decompress_lzss          
00002815  __TI_decompress_none          
ffffffff  __TI_pprof_out_hndl           
ffffffff  __TI_prof_data_size           
ffffffff  __TI_prof_data_start          
00000000  __TI_static_base__            
000027e9  __TI_zero_init_nomemset       
00002669  __aeabi_memclr                
00002669  __aeabi_memclr4               
00002669  __aeabi_memclr8               
000025cd  __aeabi_memcpy                
000025cd  __aeabi_memcpy4               
000025cd  __aeabi_memcpy8               
0000266b  __aeabi_memset                
0000266b  __aeabi_memset4               
0000266b  __aeabi_memset8               
ffffffff  __binit__                     
ffffffff  __c_args__                    
UNDEFED   __mpu_init                    
20000000  __stack                       
20000000  __start___llvm_prf_cnts       
20000000  __stop___llvm_prf_cnts        
00002791  _c_int00_noargs               
UNDEFED   _system_post_cinit            
0000282d  _system_pre_init              
00002831  abort                         
00000351  allowFlashAccess              
0000035f  allowPeripheralAccess         
ffffffff  binit                         
00000c79  busFaultIsr                   
20001307  c                             
0000138f  convertDec_Hex                
0000141d  convertNumToString            
000014b3  copyString                    
000006ad  createSemaphore               
000004a1  createThread                  
000010df  debounce                      
000021dd  disablePinInterrupt           
00001f15  disablePinPulldown            
00001ecd  disablePinPullup              
00001c69  disablePort                   
00002515  disablePrivileged             
00000317  enableExceptionHandler        
00000337  enableMPU                     
000024e9  enablePSPMode                 
000021b9  enablePinInterrupt            
00001ef1  enablePinPulldown             
00001e9f  enablePinPullup               
00001bad  enablePort                    
00002527  enablePrivileged              
00001131  errant                        
00000e59  flash4Hz                      
00000000  g_pfnVectors                  
0000250b  getMsp                        
000017e1  getNum                        
00002227  getPinValue                   
000022dd  getPortValue                  
00002501  getPsp                        
00001539  getString                     
00000399  getSvcNumber                  
00002475  getcUart0                     
00000c1d  hardFaultIsr                  
00000ded  idle                          
00000dc9  idle2                         
0000114f  important                     
00000c9d  initHw                        
000003b7  initMpu                       
000003cf  initRtos                      
00002805  initSystemClockTo40Mhz        
0000236d  initUart0                     
000012f5  ipcs                          
00002489  kbhitUart0                    
00001305  kill                          
00000f8d  lengthyFn                     
0000117d  main                          
0000026d  mallocFromHeap                
00001679  matchCommand                  
0000172f  matchCommandArg               
000025cd  memcpy                        
00002671  memset                        
00000af9  mpuFaultIsr                   
00000ea1  oneshot                       
00000ed1  partOfLengthyFn               
00000801  pendSvIsr                     
0000137d  pidof                         
00001317  pmap                          
0000257b  popStack                      
0000077d  post                          
00001329  preempt                       
000012e5  ps                            
000025bd  pushPsp                       
00002539  pushStack                     
0000242d  putcUart0                     
00002449  putsUart0                     
00001031  readKeys                      
00000d61  readPbs                       
000012dd  rebootMCU                     
00000675  restartThread                 
0000041d  rtosScheduler                 
000018c5  runShell                      
00001353  sched                         
00001dd3  selectPinAnalogInput          
00001d85  selectPinDigitalInput         
000020ef  selectPinInterruptBothEdges   
0000209f  selectPinInterruptFallingEdge 
00002145  selectPinInterruptHighLevel   
0000217f  selectPinInterruptLowLevel    
0000204f  selectPinInterruptRisingEdge  
00001d37  selectPinOpenDrainOutput      
00001ce9  selectPinPushPullOutput       
20001240  semaphores                    
00000343  setBackgroundRule             
000024fb  setPSP                        
00001f3d  setPinAuxFunction             
00001e23  setPinCommitControl           
00002201  setPinValue                   
00002259  setPortValue                  
000002bb  setSRAMBits                   
00000699  setThreadPriority             
00002401  setUart0BaudRate              
00000367  setupSramAccess               
0000117b  shell                         
00000763  sleep                         
00000295  sramSubregionToggle           
000006f5  startRtos                     
00000689  stopThread                    
000008ed  svCallIsr                     
00000795  systickIsr                    
2000130d  taskCount                     
2000130c  taskCurrent                   
20001000  tcb                           
20001308  testNum                       
00001121  uncooperative                 
00000c8d  usageFaultIsr                 
0000076f  wait                          
000027c5  waitMicrosecond               
0000075f  yield                         


GLOBAL SYMBOLS: SORTED BY Symbol Address 

address   name                          
-------   ----                          
00000000  __TI_static_base__            
00000000  g_pfnVectors                  
0000026d  mallocFromHeap                
00000295  sramSubregionToggle           
000002bb  setSRAMBits                   
00000317  enableExceptionHandler        
00000337  enableMPU                     
00000343  setBackgroundRule             
00000351  allowFlashAccess              
0000035f  allowPeripheralAccess         
00000367  setupSramAccess               
00000399  getSvcNumber                  
000003b7  initMpu                       
000003cf  initRtos                      
0000041d  rtosScheduler                 
000004a1  createThread                  
00000675  restartThread                 
00000689  stopThread                    
00000699  setThreadPriority             
000006ad  createSemaphore               
000006f5  startRtos                     
0000075f  yield                         
00000763  sleep                         
0000076f  wait                          
0000077d  post                          
00000795  systickIsr                    
00000801  pendSvIsr                     
000008ed  svCallIsr                     
00000af9  mpuFaultIsr                   
00000c1d  hardFaultIsr                  
00000c79  busFaultIsr                   
00000c8d  usageFaultIsr                 
00000c9d  initHw                        
00000d61  readPbs                       
00000dc9  idle2                         
00000ded  idle                          
00000e59  flash4Hz                      
00000ea1  oneshot                       
00000ed1  partOfLengthyFn               
00000f8d  lengthyFn                     
00001000  __STACK_SIZE                  
00001031  readKeys                      
000010df  debounce                      
00001121  uncooperative                 
00001131  errant                        
0000114f  important                     
0000117b  shell                         
0000117d  main                          
000012dd  rebootMCU                     
000012e5  ps                            
000012f5  ipcs                          
00001305  kill                          
00001317  pmap                          
00001329  preempt                       
00001353  sched                         
0000137d  pidof                         
0000138f  convertDec_Hex                
0000141d  convertNumToString            
000014b3  copyString                    
00001539  getString                     
00001679  matchCommand                  
0000172f  matchCommandArg               
000017e1  getNum                        
000018c5  runShell                      
00001bad  enablePort                    
00001c69  disablePort                   
00001ce9  selectPinPushPullOutput       
00001d37  selectPinOpenDrainOutput      
00001d85  selectPinDigitalInput         
00001dd3  selectPinAnalogInput          
00001e23  setPinCommitControl           
00001e9f  enablePinPullup               
00001ecd  disablePinPullup              
00001ef1  enablePinPulldown             
00001f15  disablePinPulldown            
00001f3d  setPinAuxFunction             
0000204f  selectPinInterruptRisingEdge  
0000209f  selectPinInterruptFallingEdge 
000020ef  selectPinInterruptBothEdges   
00002145  selectPinInterruptHighLevel   
0000217f  selectPinInterruptLowLevel    
000021b9  enablePinInterrupt            
000021dd  disablePinInterrupt           
00002201  setPinValue                   
00002227  getPinValue                   
00002259  setPortValue                  
000022dd  getPortValue                  
0000236d  initUart0                     
00002401  setUart0BaudRate              
0000242d  putcUart0                     
00002449  putsUart0                     
00002475  getcUart0                     
00002489  kbhitUart0                    
000024e9  enablePSPMode                 
000024fb  setPSP                        
00002501  getPsp                        
0000250b  getMsp                        
00002515  disablePrivileged             
00002527  enablePrivileged              
00002539  pushStack                     
0000257b  popStack                      
000025bd  pushPsp                       
000025cd  __aeabi_memcpy                
000025cd  __aeabi_memcpy4               
000025cd  __aeabi_memcpy8               
000025cd  memcpy                        
00002669  __aeabi_memclr                
00002669  __aeabi_memclr4               
00002669  __aeabi_memclr8               
0000266b  __aeabi_memset                
0000266b  __aeabi_memset4               
0000266b  __aeabi_memset8               
00002671  memset                        
000026e3  __TI_decompress_lzss          
0000274d  __TI_auto_init_nobinit_nopinit
00002791  _c_int00_noargs               
000027c5  waitMicrosecond               
000027e9  __TI_zero_init_nomemset       
00002805  initSystemClockTo40Mhz        
00002815  __TI_decompress_none          
00002823  ResetISR                      
0000282d  _system_pre_init              
00002831  C$$EXIT                       
00002831  abort                         
0000284c  __TI_Handler_Table_Base       
00002858  __TI_Handler_Table_Limit      
00002860  __TI_CINIT_Base               
00002870  __TI_CINIT_Limit              
20000000  __stack                       
20000000  __start___llvm_prf_cnts       
20000000  __stop___llvm_prf_cnts        
20000200  __STACK_TOP                   
20001000  __STACK_END                   
20001000  tcb                           
20001240  semaphores                    
20001307  c                             
20001308  testNum                       
2000130c  taskCurrent                   
2000130d  taskCount                     
ffffffff  __TI_pprof_out_hndl           
ffffffff  __TI_prof_data_size           
ffffffff  __TI_prof_data_start          
ffffffff  __binit__                     
ffffffff  __c_args__                    
ffffffff  binit                         
UNDEFED   __mpu_init                    
UNDEFED   _system_post_cinit            

[147 symbols]
