******************************************************************************
                  TI ARM Linker PC v20.2.7                     
******************************************************************************
>> Linked Tue Nov 29 23:23:07 2022

OUTPUT FILE NAME:   <RTOS_Final_Project.out>
ENTRY POINT SYMBOL: "_c_int00_noargs"  address: 00003019


MEMORY CONFIGURATION

         name            origin    length      used     unused   attr    fill
----------------------  --------  ---------  --------  --------  ----  --------
  FLASH                 00000000   00040000  000030f4  0003cf0c  R  X
  SRAM                  20000000   00001400  000012e5  0000011b  RW X


SEGMENT ALLOCATION MAP

run origin  load origin   length   init length attrs members
----------  ----------- ---------- ----------- ----- -------
00000000    00000000    000030f8   000030f8    r-x
  00000000    00000000    0000026c   0000026c    r-- .intvecs
  0000026c    0000026c    00002e50   00002e50    r-x .text
  000030c0    000030c0    00000038   00000038    r-- .cinit
20000000    20000000    000012e5   00000000    rw-
  20000000    20000000    00001000   00000000    rw- .stack
  20001000    20001000    000002d4   00000000    rw- .bss
  200012d4    200012d4    00000011   00000000    rw- .data


SECTION ALLOCATION MAP

 output                                  attributes/
section   page    origin      length       input sections
--------  ----  ----------  ----------   ----------------
.intvecs   0    00000000    0000026c     
                  00000000    0000026c     tm4c123gh6pm_startup_ccs.obj (.intvecs)

.text      0    0000026c    00002e50     
                  0000026c    00001c78     main.obj (.text)
                  00001ee4    000007c0     gpio.obj (.text)
                  000026a4    00000548     shell.obj (.text)
                  00002bec    00000184     uart0.obj (.text)
                  00002d70    000000e4     PSP.obj (.text)
                  00002e54    0000009c     rtsv7M4_T_le_v4SPD16_eabi.lib : memcpy_t2.asm.obj (.text)
                  00002ef0    0000007a                                   : memset_t2.asm.obj (.text)
                  00002f6a    00000068                                   : copy_decompress_lzss.c.obj (.text:decompress:lzss:__TI_decompress_lzss)
                  00002fd2    00000002     --HOLE-- [fill = 0]
                  00002fd4    00000044                                   : autoinit.c.obj (.text:__TI_auto_init_nobinit_nopinit:__TI_auto_init_nobinit_nopinit)
                  00003018    00000034                                   : boot_cortex_m.c.obj (.text:_c_int00_noargs:_c_int00_noargs)
                  0000304c    00000024     wait.obj (.text)
                  00003070    0000001c     rtsv7M4_T_le_v4SPD16_eabi.lib : copy_zero_init.c.obj (.text:decompress:ZI:__TI_zero_init_nomemset:__TI_zero_init_nomemset)
                  0000308c    00000010     clock.obj (.text)
                  0000309c    0000000e     rtsv7M4_T_le_v4SPD16_eabi.lib : copy_decompress_none.c.obj (.text:decompress:none:__TI_decompress_none)
                  000030aa    0000000a     tm4c123gh6pm_startup_ccs.obj (.text)
                  000030b4    00000004     rtsv7M4_T_le_v4SPD16_eabi.lib : pre_init.c.obj (.text:_system_pre_init)
                  000030b8    00000004                                   : exit.c.obj (.text:abort:abort)

.cinit     0    000030c0    00000038     
                  000030c0    00000010     (.cinit..data.load) [load image, compression = lzss]
                  000030d0    0000000c     (__TI_handler_table)
                  000030dc    00000004     --HOLE-- [fill = 0]
                  000030e0    00000008     (.cinit..bss.load) [load image, compression = zero_init]
                  000030e8    00000010     (__TI_cinit_table)

.init_array 
*          0    00000000    00000000     UNINITIALIZED

.bss       0    20001000    000002d4     UNINITIALIZED
                  20001000    00000240     (.common:tcb)
                  20001240    00000078     (.common:semaphores)
                  200012b8    00000010     shell.obj (.bss:hexNum$1)
                  200012c8    0000000c     (.common:priNextTask)

.data      0    200012d4    00000011     UNINITIALIZED
                  200012d4    00000011     main.obj (.data)

.stack     0    20000000    00001000     UNINITIALIZED
                  20000000    00000004     rtsv7M4_T_le_v4SPD16_eabi.lib : boot_cortex_m.c.obj (.stack)
                  20000004    00000ffc     --HOLE--

__llvm_prf_cnts 
*          0    20000000    00000000     UNINITIALIZED

MODULE SUMMARY

       Module                         code    ro data   rw data
       ------                         ----    -------   -------
    .\
       main.obj                       7288    0         725    
       gpio.obj                       1984    0         0      
       shell.obj                      1352    0         16     
       tm4c123gh6pm_startup_ccs.obj   10      620       0      
       uart0.obj                      388     0         0      
       PSP.obj                        228     0         0      
       wait.obj                       36      0         0      
       clock.obj                      16      0         0      
    +--+------------------------------+-------+---------+---------+
       Total:                         11302   620       741    
                                                               
    D:\ti\ccs1040\ccs\tools\compiler\ti-cgt-arm_20.2.7.LTS\lib\rtsv7M4_T_le_v4SPD16_eabi.lib
       memcpy_t2.asm.obj              156     0         0      
       memset_t2.asm.obj              122     0         0      
       copy_decompress_lzss.c.obj     104     0         0      
       autoinit.c.obj                 68      0         0      
       boot_cortex_m.c.obj            52      0         0      
       copy_zero_init.c.obj           28      0         0      
       copy_decompress_none.c.obj     14      0         0      
       exit.c.obj                     4       0         0      
       pre_init.c.obj                 4       0         0      
    +--+------------------------------+-------+---------+---------+
       Total:                         552     0         0      
                                                               
       Stack:                         0       0         4096   
       Linker Generated:              0       52        0      
    +--+------------------------------+-------+---------+---------+
       Grand Total:                   11854   672       4837   


LINKER GENERATED COPY TABLES

__TI_cinit_table @ 000030e8 records: 2, size/record: 8, table size: 16
	.data: load addr=000030c0, load size=00000010 bytes, run addr=200012d4, run size=00000011 bytes, compression=lzss
	.bss: load addr=000030e0, load size=00000008 bytes, run addr=20001000, run size=000002d4 bytes, compression=zero_init


LINKER GENERATED HANDLER TABLE

__TI_handler_table @ 000030d0 records: 3, size/record: 4, table size: 12
	index: 0, handler: __TI_decompress_lzss
	index: 1, handler: __TI_decompress_none
	index: 2, handler: __TI_zero_init


GLOBAL SYMBOLS: SORTED ALPHABETICALLY BY Name 

address   name                          
-------   ----                          
000030b9  C$$EXIT                       
000030ab  ResetISR                      
20001000  __STACK_END                   
00001000  __STACK_SIZE                  
20000200  __STACK_TOP                   
000030e8  __TI_CINIT_Base               
000030f8  __TI_CINIT_Limit              
000030d0  __TI_Handler_Table_Base       
000030dc  __TI_Handler_Table_Limit      
00002fd5  __TI_auto_init_nobinit_nopinit
00002f6b  __TI_decompress_lzss          
0000309d  __TI_decompress_none          
ffffffff  __TI_pprof_out_hndl           
ffffffff  __TI_prof_data_size           
ffffffff  __TI_prof_data_start          
00000000  __TI_static_base__            
00003071  __TI_zero_init_nomemset       
00002ef1  __aeabi_memclr                
00002ef1  __aeabi_memclr4               
00002ef1  __aeabi_memclr8               
00002e55  __aeabi_memcpy                
00002e55  __aeabi_memcpy4               
00002e55  __aeabi_memcpy8               
00002ef3  __aeabi_memset                
00002ef3  __aeabi_memset4               
00002ef3  __aeabi_memset8               
ffffffff  __binit__                     
ffffffff  __c_args__                    
UNDEFED   __mpu_init                    
20000000  __stack                       
20000000  __start___llvm_prf_cnts       
20000000  __stop___llvm_prf_cnts        
00003019  _c_int00_noargs               
UNDEFED   _system_post_cinit            
000030b5  _system_pre_init              
000030b9  abort                         
200012d4  activeScheduler               
00000357  allowFlashAccess              
00000365  allowPeripheralAccess         
ffffffff  binit                         
000012bd  busFaultIsr                   
00002857  compareString                 
000026fd  convertDec_Hex                
0000278b  convertNumToString            
000003d5  copyString                    
00000a0f  createSemaphore               
000006ad  createThread                  
000017ff  debounce                      
00002515  disablePinInterrupt           
0000224d  disablePinPulldown            
00002205  disablePinPullup              
00001fa1  disablePort                   
00002d9d  disablePrivileged             
0000031d  enableExceptionHandler        
0000033d  enableMPU                     
00002d71  enablePSPMode                 
000024f1  enablePinInterrupt            
00002229  enablePinPulldown             
000021d7  enablePinPullup               
00001ee5  enablePort                    
00002daf  enablePrivileged              
00001859  errant                        
00001671  flash4Hz                      
00000000  g_pfnVectors                  
000018a9  getData                       
00000425  getIpcsData                   
00002d93  getMsp                        
00002b0f  getNum                        
0000255f  getPinValue                   
00002615  getPortValue                  
00002d89  getPsp                        
000028b3  getString                     
0000039f  getSvcNumber                  
00002cf5  getcUart0                     
00001261  hardFaultIsr                  
00001621  idle                          
00001421  idle2                         
0000187d  important                     
000012f9  initHw                        
000003bd  initMpu                       
00000505  initRtos                      
0000308d  initSystemClockTo40Mhz        
00002bed  initUart0                     
00002d11  kbhitUart0                    
000018bd  kill                          
000016e1  lengthyFn                     
200012dc  level                         
00001c4f  main                          
0000026d  mallocFromHeap                
000015e7  mallocFromHeap_UserSpace      
000029ad  matchCommand                  
00002a63  matchCommandArg               
00002e55  memcpy                        
00002ef9  memset                        
00001105  mpuFaultIsr                   
000016a1  oneshot                       
000016c7  partOfLengthyFn               
00000b95  pendSvIsr                     
000026cb  pidof                         
000026b9  pmap                          
00002e03  popStack                      
00000af3  post                          
000018d5  preempt                       
200012d5  preemptionMode                
200012c8  priNextTask                   
00002821  printfString                  
000005d1  priorityScheduler             
000026a9  ps                            
00002e45  pushPsp                       
00002dc1  pushStack                     
00002cad  putcUart0                     
00002cc9  putsUart0                     
00001751  readKeys                      
000013b9  readPbs                       
000026a5  rebootMCU                     
00000859  restartThread                 
00000559  rtosScheduler                 
000018c9  run                           
000018e3  sched                         
0000210b  selectPinAnalogInput          
000020bd  selectPinDigitalInput         
00002427  selectPinInterruptBothEdges   
000023d7  selectPinInterruptFallingEdge 
0000247d  selectPinInterruptHighLevel   
000024b7  selectPinInterruptLowLevel    
00002387  selectPinInterruptRisingEdge  
0000206f  selectPinOpenDrainOutput      
00002021  selectPinPushPullOutput       
20001240  semaphores                    
00000349  setBackgroundRule             
00002d83  setPSP                        
00002275  setPinAuxFunction             
0000215b  setPinCommitControl           
00002539  setPinValue                   
00002591  setPortValue                  
000002c1  setSRAMBits                   
000009ff  setThreadPriority             
00002c81  setUart0BaudRate              
0000036d  setupSramAccess               
00001905  shell                         
00000ad5  sleep                         
00001531  sortTaskPriorities            
00000295  sramSubregionToggle           
00000a51  startRtos                     
000008d1  stopThread                    
000026db  strLen                        
00000c95  svCallIsr                     
00000b0d  systickIsr                    
200012d7  taskCount                     
200012d6  taskCurrent                   
20001000  tcb                           
00001845  uncooperative                 
000012e1  usageFaultIsr                 
00000ae5  wait                          
0000304d  waitMicrosecond               
00000ad1  yield                         


GLOBAL SYMBOLS: SORTED BY Symbol Address 

address   name                          
-------   ----                          
00000000  __TI_static_base__            
00000000  g_pfnVectors                  
0000026d  mallocFromHeap                
00000295  sramSubregionToggle           
000002c1  setSRAMBits                   
0000031d  enableExceptionHandler        
0000033d  enableMPU                     
00000349  setBackgroundRule             
00000357  allowFlashAccess              
00000365  allowPeripheralAccess         
0000036d  setupSramAccess               
0000039f  getSvcNumber                  
000003bd  initMpu                       
000003d5  copyString                    
00000425  getIpcsData                   
00000505  initRtos                      
00000559  rtosScheduler                 
000005d1  priorityScheduler             
000006ad  createThread                  
00000859  restartThread                 
000008d1  stopThread                    
000009ff  setThreadPriority             
00000a0f  createSemaphore               
00000a51  startRtos                     
00000ad1  yield                         
00000ad5  sleep                         
00000ae5  wait                          
00000af3  post                          
00000b0d  systickIsr                    
00000b95  pendSvIsr                     
00000c95  svCallIsr                     
00001000  __STACK_SIZE                  
00001105  mpuFaultIsr                   
00001261  hardFaultIsr                  
000012bd  busFaultIsr                   
000012e1  usageFaultIsr                 
000012f9  initHw                        
000013b9  readPbs                       
00001421  idle2                         
00001531  sortTaskPriorities            
000015e7  mallocFromHeap_UserSpace      
00001621  idle                          
00001671  flash4Hz                      
000016a1  oneshot                       
000016c7  partOfLengthyFn               
000016e1  lengthyFn                     
00001751  readKeys                      
000017ff  debounce                      
00001845  uncooperative                 
00001859  errant                        
0000187d  important                     
000018a9  getData                       
000018bd  kill                          
000018c9  run                           
000018d5  preempt                       
000018e3  sched                         
00001905  shell                         
00001c4f  main                          
00001ee5  enablePort                    
00001fa1  disablePort                   
00002021  selectPinPushPullOutput       
0000206f  selectPinOpenDrainOutput      
000020bd  selectPinDigitalInput         
0000210b  selectPinAnalogInput          
0000215b  setPinCommitControl           
000021d7  enablePinPullup               
00002205  disablePinPullup              
00002229  enablePinPulldown             
0000224d  disablePinPulldown            
00002275  setPinAuxFunction             
00002387  selectPinInterruptRisingEdge  
000023d7  selectPinInterruptFallingEdge 
00002427  selectPinInterruptBothEdges   
0000247d  selectPinInterruptHighLevel   
000024b7  selectPinInterruptLowLevel    
000024f1  enablePinInterrupt            
00002515  disablePinInterrupt           
00002539  setPinValue                   
0000255f  getPinValue                   
00002591  setPortValue                  
00002615  getPortValue                  
000026a5  rebootMCU                     
000026a9  ps                            
000026b9  pmap                          
000026cb  pidof                         
000026db  strLen                        
000026fd  convertDec_Hex                
0000278b  convertNumToString            
00002821  printfString                  
00002857  compareString                 
000028b3  getString                     
000029ad  matchCommand                  
00002a63  matchCommandArg               
00002b0f  getNum                        
00002bed  initUart0                     
00002c81  setUart0BaudRate              
00002cad  putcUart0                     
00002cc9  putsUart0                     
00002cf5  getcUart0                     
00002d11  kbhitUart0                    
00002d71  enablePSPMode                 
00002d83  setPSP                        
00002d89  getPsp                        
00002d93  getMsp                        
00002d9d  disablePrivileged             
00002daf  enablePrivileged              
00002dc1  pushStack                     
00002e03  popStack                      
00002e45  pushPsp                       
00002e55  __aeabi_memcpy                
00002e55  __aeabi_memcpy4               
00002e55  __aeabi_memcpy8               
00002e55  memcpy                        
00002ef1  __aeabi_memclr                
00002ef1  __aeabi_memclr4               
00002ef1  __aeabi_memclr8               
00002ef3  __aeabi_memset                
00002ef3  __aeabi_memset4               
00002ef3  __aeabi_memset8               
00002ef9  memset                        
00002f6b  __TI_decompress_lzss          
00002fd5  __TI_auto_init_nobinit_nopinit
00003019  _c_int00_noargs               
0000304d  waitMicrosecond               
00003071  __TI_zero_init_nomemset       
0000308d  initSystemClockTo40Mhz        
0000309d  __TI_decompress_none          
000030ab  ResetISR                      
000030b5  _system_pre_init              
000030b9  C$$EXIT                       
000030b9  abort                         
000030d0  __TI_Handler_Table_Base       
000030dc  __TI_Handler_Table_Limit      
000030e8  __TI_CINIT_Base               
000030f8  __TI_CINIT_Limit              
20000000  __stack                       
20000000  __start___llvm_prf_cnts       
20000000  __stop___llvm_prf_cnts        
20000200  __STACK_TOP                   
20001000  __STACK_END                   
20001000  tcb                           
20001240  semaphores                    
200012c8  priNextTask                   
200012d4  activeScheduler               
200012d5  preemptionMode                
200012d6  taskCurrent                   
200012d7  taskCount                     
200012dc  level                         
ffffffff  __TI_pprof_out_hndl           
ffffffff  __TI_prof_data_size           
ffffffff  __TI_prof_data_start          
ffffffff  __binit__                     
ffffffff  __c_args__                    
ffffffff  binit                         
UNDEFED   __mpu_init                    
UNDEFED   _system_post_cinit            

[156 symbols]
