******************************************************************************
                  TI ARM Linker PC v20.2.7                     
******************************************************************************
>> Linked Wed Nov 30 00:15:06 2022

OUTPUT FILE NAME:   <RTOS_Final_Project.out>
ENTRY POINT SYMBOL: "_c_int00_noargs"  address: 00003009


MEMORY CONFIGURATION

         name            origin    length      used     unused   attr    fill
----------------------  --------  ---------  --------  --------  ----  --------
  FLASH                 00000000   00040000  000030e4  0003cf1c  R  X
  SRAM                  20000000   00001400  000012e5  0000011b  RW X


SEGMENT ALLOCATION MAP

run origin  load origin   length   init length attrs members
----------  ----------- ---------- ----------- ----- -------
00000000    00000000    000030e8   000030e8    r-x
  00000000    00000000    0000026c   0000026c    r-- .intvecs
  0000026c    0000026c    00002e40   00002e40    r-x .text
  000030b0    000030b0    00000038   00000038    r-- .cinit
20000000    20000000    000012e5   00000000    rw-
  20000000    20000000    00001000   00000000    rw- .stack
  20001000    20001000    000002d4   00000000    rw- .bss
  200012d4    200012d4    00000011   00000000    rw- .data


SECTION ALLOCATION MAP

 output                                  attributes/
section   page    origin      length       input sections
--------  ----  ----------  ----------   ----------------
.intvecs   0    00000000    0000026c     
                  00000000    0000026c     tm4c123gh6pm_startup_ccs.obj (.intvecs)

.text      0    0000026c    00002e40     
                  0000026c    00001cc0     main.obj (.text)
                  00001f2c    000007c0     gpio.obj (.text)
                  000026ec    000004f0     shell.obj (.text)
                  00002bdc    00000184     uart0.obj (.text)
                  00002d60    000000e4     PSP.obj (.text)
                  00002e44    0000009c     rtsv7M4_T_le_v4SPD16_eabi.lib : memcpy_t2.asm.obj (.text)
                  00002ee0    0000007a                                   : memset_t2.asm.obj (.text)
                  00002f5a    00000068                                   : copy_decompress_lzss.c.obj (.text:decompress:lzss:__TI_decompress_lzss)
                  00002fc2    00000002     --HOLE-- [fill = 0]
                  00002fc4    00000044                                   : autoinit.c.obj (.text:__TI_auto_init_nobinit_nopinit:__TI_auto_init_nobinit_nopinit)
                  00003008    00000034                                   : boot_cortex_m.c.obj (.text:_c_int00_noargs:_c_int00_noargs)
                  0000303c    00000024     wait.obj (.text)
                  00003060    0000001c     rtsv7M4_T_le_v4SPD16_eabi.lib : copy_zero_init.c.obj (.text:decompress:ZI:__TI_zero_init_nomemset:__TI_zero_init_nomemset)
                  0000307c    00000010     clock.obj (.text)
                  0000308c    0000000e     rtsv7M4_T_le_v4SPD16_eabi.lib : copy_decompress_none.c.obj (.text:decompress:none:__TI_decompress_none)
                  0000309a    0000000a     tm4c123gh6pm_startup_ccs.obj (.text)
                  000030a4    00000004     rtsv7M4_T_le_v4SPD16_eabi.lib : pre_init.c.obj (.text:_system_pre_init)
                  000030a8    00000004                                   : exit.c.obj (.text:abort:abort)

.cinit     0    000030b0    00000038     
                  000030b0    00000010     (.cinit..data.load) [load image, compression = lzss]
                  000030c0    0000000c     (__TI_handler_table)
                  000030cc    00000004     --HOLE-- [fill = 0]
                  000030d0    00000008     (.cinit..bss.load) [load image, compression = zero_init]
                  000030d8    00000010     (__TI_cinit_table)

.init_array 
*          0    00000000    00000000     UNINITIALIZED

.bss       0    20001000    000002d4     UNINITIALIZED
                  20001000    00000240     (.common:tcb)
                  20001240    00000078     (.common:semaphores)
                  200012b8    00000010     shell.obj (.bss:hexNum$1)
                  200012c8    0000000c     (.common:prioTaskQueue)

.data      0    200012d4    00000011     UNINITIALIZED
                  200012d4    00000011     main.obj (.data)

.stack     0    20000000    00001000     UNINITIALIZED
                  20000000    00000004     rtsv7M4_T_le_v4SPD16_eabi.lib : boot_cortex_m.c.obj (.stack)
                  20000004    00000ffc     --HOLE--

__llvm_prf_cnts 
*          0    20000000    00000000     UNINITIALIZED

MODULE SUMMARY

       Module                         code    ro data   rw data
       ------                         ----    -------   -------
    .\
       main.obj                       7360    0         725    
       gpio.obj                       1984    0         0      
       shell.obj                      1264    0         16     
       tm4c123gh6pm_startup_ccs.obj   10      620       0      
       uart0.obj                      388     0         0      
       PSP.obj                        228     0         0      
       wait.obj                       36      0         0      
       clock.obj                      16      0         0      
    +--+------------------------------+-------+---------+---------+
       Total:                         11286   620       741    
                                                               
    D:\ti\ccs1040\ccs\tools\compiler\ti-cgt-arm_20.2.7.LTS\lib\rtsv7M4_T_le_v4SPD16_eabi.lib
       memcpy_t2.asm.obj              156     0         0      
       memset_t2.asm.obj              122     0         0      
       copy_decompress_lzss.c.obj     104     0         0      
       autoinit.c.obj                 68      0         0      
       boot_cortex_m.c.obj            52      0         0      
       copy_zero_init.c.obj           28      0         0      
       copy_decompress_none.c.obj     14      0         0      
       exit.c.obj                     4       0         0      
       pre_init.c.obj                 4       0         0      
    +--+------------------------------+-------+---------+---------+
       Total:                         552     0         0      
                                                               
       Stack:                         0       0         4096   
       Linker Generated:              0       52        0      
    +--+------------------------------+-------+---------+---------+
       Grand Total:                   11838   672       4837   


LINKER GENERATED COPY TABLES

__TI_cinit_table @ 000030d8 records: 2, size/record: 8, table size: 16
	.data: load addr=000030b0, load size=00000010 bytes, run addr=200012d4, run size=00000011 bytes, compression=lzss
	.bss: load addr=000030d0, load size=00000008 bytes, run addr=20001000, run size=000002d4 bytes, compression=zero_init


LINKER GENERATED HANDLER TABLE

__TI_handler_table @ 000030c0 records: 3, size/record: 4, table size: 12
	index: 0, handler: __TI_decompress_lzss
	index: 1, handler: __TI_decompress_none
	index: 2, handler: __TI_zero_init


GLOBAL SYMBOLS: SORTED ALPHABETICALLY BY Name 

address   name                          
-------   ----                          
000030a9  C$$EXIT                       
0000309b  ResetISR                      
20001000  __STACK_END                   
00001000  __STACK_SIZE                  
20000200  __STACK_TOP                   
000030d8  __TI_CINIT_Base               
000030e8  __TI_CINIT_Limit              
000030c0  __TI_Handler_Table_Base       
000030cc  __TI_Handler_Table_Limit      
00002fc5  __TI_auto_init_nobinit_nopinit
00002f5b  __TI_decompress_lzss          
0000308d  __TI_decompress_none          
ffffffff  __TI_pprof_out_hndl           
ffffffff  __TI_prof_data_size           
ffffffff  __TI_prof_data_start          
00000000  __TI_static_base__            
00003061  __TI_zero_init_nomemset       
00002ee1  __aeabi_memclr                
00002ee1  __aeabi_memclr4               
00002ee1  __aeabi_memclr8               
00002e45  __aeabi_memcpy                
00002e45  __aeabi_memcpy4               
00002e45  __aeabi_memcpy8               
00002ee3  __aeabi_memset                
00002ee3  __aeabi_memset4               
00002ee3  __aeabi_memset8               
ffffffff  __binit__                     
ffffffff  __c_args__                    
UNDEFED   __mpu_init                    
20000000  __stack                       
20000000  __start___llvm_prf_cnts       
20000000  __stop___llvm_prf_cnts        
00003009  _c_int00_noargs               
UNDEFED   _system_post_cinit            
000030a5  _system_pre_init              
000030a9  abort                         
200012d4  activeScheduler               
00000357  allowFlashAccess              
00000365  allowPeripheralAccess         
ffffffff  binit                         
000012cd  busFaultIsr                   
00002847  compareString                 
00002723  convertDec_Hex                
000027b1  convertNumToString            
000003d5  copyString                    
00000a1f  createSemaphore               
000006bd  createThread                  
00001803  debounce                      
0000255d  disablePinInterrupt           
00002295  disablePinPulldown            
0000224d  disablePinPullup              
00001fe9  disablePort                   
00002d8d  disablePrivileged             
0000031d  enableExceptionHandler        
0000033d  enableMPU                     
00002d61  enablePSPMode                 
00002539  enablePinInterrupt            
00002271  enablePinPulldown             
0000221f  enablePinPullup               
00001f2d  enablePort                    
00002d9f  enablePrivileged              
0000185d  errant                        
00001679  flash4Hz                      
00000000  g_pfnVectors                  
000018ad  getData                       
00000425  getIpcsData                   
00002d83  getMsp                        
00002aff  getNum                        
000025a7  getPinValue                   
0000265d  getPortValue                  
00002d79  getPsp                        
000028a3  getString                     
0000039f  getSvcNumber                  
00002ce5  getcUart0                     
00001271  hardFaultIsr                  
00001613  idle                          
00001431  idle2                         
0000187b  important                     
00001309  initHw                        
000003bd  initMpu                       
0000050d  initRtos                      
0000307d  initSystemClockTo40Mhz        
00002bdd  initUart0                     
00002d01  kbhitUart0                    
000018bb  kill                          
000016e5  lengthyFn                     
00001cd3  main                          
0000026d  mallocFromHeap                
000015f1  mallocFromHeap_UserSpace      
0000299d  matchCommand                  
00002a53  matchCommandArg               
00002e45  memcpy                        
00002ee9  memset                        
00001115  mpuFaultIsr                   
000016a7  oneshot                       
000016cd  partOfLengthyFn               
00000ba5  pendSvIsr                     
00002713  pidof                         
00002701  pmap                          
00002df3  popStack                      
00000b03  post                          
000018d9  preempt                       
200012d5  preemptionMode                
200012dc  prioIndex                     
200012c8  prioTaskQueue                 
000005e9  priorityScheduler             
000026f1  ps                            
00002e35  pushPsp                       
00002db1  pushStack                     
00002c9d  putcUart0                     
00002cb9  putsUart0                     
00001755  readKeys                      
000013c9  readPbs                       
000026ed  rebootMCU                     
00000869  restartThread                 
0000056d  rtosScheduler                 
000018cd  run                           
000018e7  sched                         
00002153  selectPinAnalogInput          
00002105  selectPinDigitalInput         
0000246f  selectPinInterruptBothEdges   
0000241f  selectPinInterruptFallingEdge 
000024c5  selectPinInterruptHighLevel   
000024ff  selectPinInterruptLowLevel    
000023cf  selectPinInterruptRisingEdge  
000020b7  selectPinOpenDrainOutput      
00002069  selectPinPushPullOutput       
20001240  semaphores                    
00000349  setBackgroundRule             
00002d73  setPSP                        
000022bd  setPinAuxFunction             
000021a3  setPinCommitControl           
00002581  setPinValue                   
000025d9  setPortValue                  
000002c1  setSRAMBits                   
00000a0f  setThreadPriority             
00002c71  setUart0BaudRate              
0000036d  setupSramAccess               
00001909  shell                         
00000ae5  sleep                         
00001541  sortTaskPriorities            
00000295  sramSubregionToggle           
00000a61  startRtos                     
000008e1  stopThread                    
00000ca5  svCallIsr                     
00000b1d  systickIsr                    
200012d7  taskCount                     
200012d6  taskCurrent                   
20001000  tcb                           
00001845  uncooperative                 
000012f1  usageFaultIsr                 
00000af5  wait                          
0000303d  waitMicrosecond               
00000ae1  yield                         


GLOBAL SYMBOLS: SORTED BY Symbol Address 

address   name                          
-------   ----                          
00000000  __TI_static_base__            
00000000  g_pfnVectors                  
0000026d  mallocFromHeap                
00000295  sramSubregionToggle           
000002c1  setSRAMBits                   
0000031d  enableExceptionHandler        
0000033d  enableMPU                     
00000349  setBackgroundRule             
00000357  allowFlashAccess              
00000365  allowPeripheralAccess         
0000036d  setupSramAccess               
0000039f  getSvcNumber                  
000003bd  initMpu                       
000003d5  copyString                    
00000425  getIpcsData                   
0000050d  initRtos                      
0000056d  rtosScheduler                 
000005e9  priorityScheduler             
000006bd  createThread                  
00000869  restartThread                 
000008e1  stopThread                    
00000a0f  setThreadPriority             
00000a1f  createSemaphore               
00000a61  startRtos                     
00000ae1  yield                         
00000ae5  sleep                         
00000af5  wait                          
00000b03  post                          
00000b1d  systickIsr                    
00000ba5  pendSvIsr                     
00000ca5  svCallIsr                     
00001000  __STACK_SIZE                  
00001115  mpuFaultIsr                   
00001271  hardFaultIsr                  
000012cd  busFaultIsr                   
000012f1  usageFaultIsr                 
00001309  initHw                        
000013c9  readPbs                       
00001431  idle2                         
00001541  sortTaskPriorities            
000015f1  mallocFromHeap_UserSpace      
00001613  idle                          
00001679  flash4Hz                      
000016a7  oneshot                       
000016cd  partOfLengthyFn               
000016e5  lengthyFn                     
00001755  readKeys                      
00001803  debounce                      
00001845  uncooperative                 
0000185d  errant                        
0000187b  important                     
000018ad  getData                       
000018bb  kill                          
000018cd  run                           
000018d9  preempt                       
000018e7  sched                         
00001909  shell                         
00001cd3  main                          
00001f2d  enablePort                    
00001fe9  disablePort                   
00002069  selectPinPushPullOutput       
000020b7  selectPinOpenDrainOutput      
00002105  selectPinDigitalInput         
00002153  selectPinAnalogInput          
000021a3  setPinCommitControl           
0000221f  enablePinPullup               
0000224d  disablePinPullup              
00002271  enablePinPulldown             
00002295  disablePinPulldown            
000022bd  setPinAuxFunction             
000023cf  selectPinInterruptRisingEdge  
0000241f  selectPinInterruptFallingEdge 
0000246f  selectPinInterruptBothEdges   
000024c5  selectPinInterruptHighLevel   
000024ff  selectPinInterruptLowLevel    
00002539  enablePinInterrupt            
0000255d  disablePinInterrupt           
00002581  setPinValue                   
000025a7  getPinValue                   
000025d9  setPortValue                  
0000265d  getPortValue                  
000026ed  rebootMCU                     
000026f1  ps                            
00002701  pmap                          
00002713  pidof                         
00002723  convertDec_Hex                
000027b1  convertNumToString            
00002847  compareString                 
000028a3  getString                     
0000299d  matchCommand                  
00002a53  matchCommandArg               
00002aff  getNum                        
00002bdd  initUart0                     
00002c71  setUart0BaudRate              
00002c9d  putcUart0                     
00002cb9  putsUart0                     
00002ce5  getcUart0                     
00002d01  kbhitUart0                    
00002d61  enablePSPMode                 
00002d73  setPSP                        
00002d79  getPsp                        
00002d83  getMsp                        
00002d8d  disablePrivileged             
00002d9f  enablePrivileged              
00002db1  pushStack                     
00002df3  popStack                      
00002e35  pushPsp                       
00002e45  __aeabi_memcpy                
00002e45  __aeabi_memcpy4               
00002e45  __aeabi_memcpy8               
00002e45  memcpy                        
00002ee1  __aeabi_memclr                
00002ee1  __aeabi_memclr4               
00002ee1  __aeabi_memclr8               
00002ee3  __aeabi_memset                
00002ee3  __aeabi_memset4               
00002ee3  __aeabi_memset8               
00002ee9  memset                        
00002f5b  __TI_decompress_lzss          
00002fc5  __TI_auto_init_nobinit_nopinit
00003009  _c_int00_noargs               
0000303d  waitMicrosecond               
00003061  __TI_zero_init_nomemset       
0000307d  initSystemClockTo40Mhz        
0000308d  __TI_decompress_none          
0000309b  ResetISR                      
000030a5  _system_pre_init              
000030a9  C$$EXIT                       
000030a9  abort                         
000030c0  __TI_Handler_Table_Base       
000030cc  __TI_Handler_Table_Limit      
000030d8  __TI_CINIT_Base               
000030e8  __TI_CINIT_Limit              
20000000  __stack                       
20000000  __start___llvm_prf_cnts       
20000000  __stop___llvm_prf_cnts        
20000200  __STACK_TOP                   
20001000  __STACK_END                   
20001000  tcb                           
20001240  semaphores                    
200012c8  prioTaskQueue                 
200012d4  activeScheduler               
200012d5  preemptionMode                
200012d6  taskCurrent                   
200012d7  taskCount                     
200012dc  prioIndex                     
ffffffff  __TI_pprof_out_hndl           
ffffffff  __TI_prof_data_size           
ffffffff  __TI_prof_data_start          
ffffffff  __binit__                     
ffffffff  __c_args__                    
ffffffff  binit                         
UNDEFED   __mpu_init                    
UNDEFED   _system_post_cinit            

[154 symbols]
