******************************************************************************
                  TI ARM Linker PC v20.2.7                     
******************************************************************************
>> Linked Mon Nov 28 17:20:21 2022

OUTPUT FILE NAME:   <RTOS_Final_Project.out>
ENTRY POINT SYMBOL: "_c_int00_noargs"  address: 00002bf1


MEMORY CONFIGURATION

         name            origin    length      used     unused   attr    fill
----------------------  --------  ---------  --------  --------  ----  --------
  FLASH                 00000000   00040000  00002ccc  0003d334  R  X
  SRAM                  20000000   00001400  000012e7  00000119  RW X


SEGMENT ALLOCATION MAP

run origin  load origin   length   init length attrs members
----------  ----------- ---------- ----------- ----- -------
00000000    00000000    00002cd0   00002cd0    r-x
  00000000    00000000    0000026c   0000026c    r-- .intvecs
  0000026c    0000026c    00002a28   00002a28    r-x .text
  00002c98    00002c98    00000038   00000038    r-- .cinit
20000000    20000000    000012e9   00000000    rw-
  20000000    20000000    00001000   00000000    rw- .stack
  20001000    20001000    000002d6   00000000    rw- .bss
  200012d8    200012d8    00000011   00000000    rw- .data


SECTION ALLOCATION MAP

 output                                  attributes/
section   page    origin      length       input sections
--------  ----  ----------  ----------   ----------------
.intvecs   0    00000000    0000026c     
                  00000000    0000026c     tm4c123gh6pm_startup_ccs.obj (.intvecs)

.text      0    0000026c    00002a28     
                  0000026c    0000184c     main.obj (.text)
                  00001ab8    000007c0     gpio.obj (.text)
                  00002278    0000054c     shell.obj (.text)
                  000027c4    00000184     uart0.obj (.text)
                  00002948    000000e4     PSP.obj (.text)
                  00002a2c    0000009c     rtsv7M4_T_le_v4SPD16_eabi.lib : memcpy_t2.asm.obj (.text)
                  00002ac8    0000007a                                   : memset_t2.asm.obj (.text)
                  00002b42    00000068                                   : copy_decompress_lzss.c.obj (.text:decompress:lzss:__TI_decompress_lzss)
                  00002baa    00000002     --HOLE-- [fill = 0]
                  00002bac    00000044                                   : autoinit.c.obj (.text:__TI_auto_init_nobinit_nopinit:__TI_auto_init_nobinit_nopinit)
                  00002bf0    00000034                                   : boot_cortex_m.c.obj (.text:_c_int00_noargs:_c_int00_noargs)
                  00002c24    00000024     wait.obj (.text)
                  00002c48    0000001c     rtsv7M4_T_le_v4SPD16_eabi.lib : copy_zero_init.c.obj (.text:decompress:ZI:__TI_zero_init_nomemset:__TI_zero_init_nomemset)
                  00002c64    00000010     clock.obj (.text)
                  00002c74    0000000e     rtsv7M4_T_le_v4SPD16_eabi.lib : copy_decompress_none.c.obj (.text:decompress:none:__TI_decompress_none)
                  00002c82    0000000a     tm4c123gh6pm_startup_ccs.obj (.text)
                  00002c8c    00000004     rtsv7M4_T_le_v4SPD16_eabi.lib : pre_init.c.obj (.text:_system_pre_init)
                  00002c90    00000004                                   : exit.c.obj (.text:abort:abort)

.cinit     0    00002c98    00000038     
                  00002c98    00000010     (.cinit..data.load) [load image, compression = lzss]
                  00002ca8    0000000c     (__TI_handler_table)
                  00002cb4    00000004     --HOLE-- [fill = 0]
                  00002cb8    00000008     (.cinit..bss.load) [load image, compression = zero_init]
                  00002cc0    00000010     (__TI_cinit_table)

.init_array 
*          0    00000000    00000000     UNINITIALIZED

.bss       0    20001000    000002d6     UNINITIALIZED
                  20001000    00000240     (.common:tcb)
                  20001240    00000078     (.common:semaphores)
                  200012b8    00000010     shell.obj (.bss:hexNum$1)
                  200012c8    0000000c     (.common:priNextTask)
                  200012d4    00000002     shell.obj (.bss)

.data      0    200012d8    00000011     UNINITIALIZED
                  200012d8    00000011     main.obj (.data)

.stack     0    20000000    00001000     UNINITIALIZED
                  20000000    00000004     rtsv7M4_T_le_v4SPD16_eabi.lib : boot_cortex_m.c.obj (.stack)
                  20000004    00000ffc     --HOLE--

__llvm_prf_cnts 
*          0    20000000    00000000     UNINITIALIZED

MODULE SUMMARY

       Module                         code    ro data   rw data
       ------                         ----    -------   -------
    .\
       main.obj                       6220    0         725    
       gpio.obj                       1984    0         0      
       shell.obj                      1356    0         18     
       tm4c123gh6pm_startup_ccs.obj   10      620       0      
       uart0.obj                      388     0         0      
       PSP.obj                        228     0         0      
       wait.obj                       36      0         0      
       clock.obj                      16      0         0      
    +--+------------------------------+-------+---------+---------+
       Total:                         10238   620       743    
                                                               
    D:\ti\ccs1040\ccs\tools\compiler\ti-cgt-arm_20.2.7.LTS\lib\rtsv7M4_T_le_v4SPD16_eabi.lib
       memcpy_t2.asm.obj              156     0         0      
       memset_t2.asm.obj              122     0         0      
       copy_decompress_lzss.c.obj     104     0         0      
       autoinit.c.obj                 68      0         0      
       boot_cortex_m.c.obj            52      0         0      
       copy_zero_init.c.obj           28      0         0      
       copy_decompress_none.c.obj     14      0         0      
       exit.c.obj                     4       0         0      
       pre_init.c.obj                 4       0         0      
    +--+------------------------------+-------+---------+---------+
       Total:                         552     0         0      
                                                               
       Stack:                         0       0         4096   
       Linker Generated:              0       52        0      
    +--+------------------------------+-------+---------+---------+
       Grand Total:                   10790   672       4839   


LINKER GENERATED COPY TABLES

__TI_cinit_table @ 00002cc0 records: 2, size/record: 8, table size: 16
	.data: load addr=00002c98, load size=00000010 bytes, run addr=200012d8, run size=00000011 bytes, compression=lzss
	.bss: load addr=00002cb8, load size=00000008 bytes, run addr=20001000, run size=000002d6 bytes, compression=zero_init


LINKER GENERATED HANDLER TABLE

__TI_handler_table @ 00002ca8 records: 3, size/record: 4, table size: 12
	index: 0, handler: __TI_decompress_lzss
	index: 1, handler: __TI_decompress_none
	index: 2, handler: __TI_zero_init


GLOBAL SYMBOLS: SORTED ALPHABETICALLY BY Name 

address   name                          
-------   ----                          
00002c91  C$$EXIT                       
00002c83  ResetISR                      
20001000  __STACK_END                   
00001000  __STACK_SIZE                  
20000200  __STACK_TOP                   
00002cc0  __TI_CINIT_Base               
00002cd0  __TI_CINIT_Limit              
00002ca8  __TI_Handler_Table_Base       
00002cb4  __TI_Handler_Table_Limit      
00002bad  __TI_auto_init_nobinit_nopinit
00002b43  __TI_decompress_lzss          
00002c75  __TI_decompress_none          
ffffffff  __TI_pprof_out_hndl           
ffffffff  __TI_prof_data_size           
ffffffff  __TI_prof_data_start          
00000000  __TI_static_base__            
00002c49  __TI_zero_init_nomemset       
00002ac9  __aeabi_memclr                
00002ac9  __aeabi_memclr4               
00002ac9  __aeabi_memclr8               
00002a2d  __aeabi_memcpy                
00002a2d  __aeabi_memcpy4               
00002a2d  __aeabi_memcpy8               
00002acb  __aeabi_memset                
00002acb  __aeabi_memset4               
00002acb  __aeabi_memset8               
ffffffff  __binit__                     
ffffffff  __c_args__                    
UNDEFED   __mpu_init                    
20000000  __stack                       
20000000  __start___llvm_prf_cnts       
20000000  __stop___llvm_prf_cnts        
00002bf1  _c_int00_noargs               
UNDEFED   _system_post_cinit            
00002c8d  _system_pre_init              
00002c91  abort                         
200012d8  activeScheduler               
00000357  allowFlashAccess              
00000365  allowPeripheralAccess         
ffffffff  binit                         
00000f55  busFaultIsr                   
00002301  convertDec_Hex                
0000238f  convertNumToString            
000003d5  copyString                    
0000083d  createSemaphore               
00000605  createThread                  
0000153d  debounce                      
000020e9  disablePinInterrupt           
00001e21  disablePinPulldown            
00001dd9  disablePinPullup              
00001b75  disablePort                   
00002975  disablePrivileged             
0000031d  enableExceptionHandler        
0000033d  enableMPU                     
00002949  enablePSPMode                 
000020c5  enablePinInterrupt            
00001dfd  enablePinPulldown             
00001dab  enablePinPullup               
00001ab9  enablePort                    
00002987  enablePrivileged              
00001595  errant                        
000013ad  flash4Hz                      
00000000  g_pfnVectors                  
000015df  getData                       
00000425  getIpcsData                   
0000296b  getMsp                        
000026df  getNum                        
00002133  getPinValue                   
000021e9  getPortValue                  
00002961  getPsp                        
0000245b  getString                     
0000039f  getSvcNumber                  
000028cd  getcUart0                     
00000ef5  hardFaultIsr                  
00001389  idle                          
000010e1  idle2                         
000015b3  important                     
00000f89  initHw                        
000003bd  initMpu                       
0000050d  initRtos                      
00002c65  initSystemClockTo40Mhz        
000027c5  initUart0                     
000028e9  kbhitUart0                    
0000228d  kill                          
00001411  lengthyFn                     
200012e0  level                         
0000183d  main                          
0000026d  mallocFromHeap                
00001375  mallocFromHeap_UserSpace      
0000257d  matchCommand                  
00002633  matchCommandArg               
00002a2d  memcpy                        
00002ad1  memset                        
00000dd1  mpuFaultIsr                   
000013db  oneshot                       
00001401  partOfLengthyFn               
0000099d  pendSvIsr                     
000022cd  pidof                         
0000229f  pmap                          
000029db  popStack                      
00000905  post                          
000022b1  preempt                       
200012d9  preemptionMode                
200012c8  priNextTask                   
00002425  printfString                  
00001301  priorityScheduler             
0000227d  ps                            
00002a1d  pushPsp                       
00002999  pushStack                     
00002885  putcUart0                     
000028a1  putsUart0                     
00001489  readKeys                      
00001079  readPbs                       
00002279  rebootMCU                     
000007cf  restartThread                 
0000056d  rtosScheduler                 
000022bf  sched                         
00001cdf  selectPinAnalogInput          
00001c91  selectPinDigitalInput         
00001ffb  selectPinInterruptBothEdges   
00001fab  selectPinInterruptFallingEdge 
00002051  selectPinInterruptHighLevel   
0000208b  selectPinInterruptLowLevel    
00001f5b  selectPinInterruptRisingEdge  
00001c43  selectPinOpenDrainOutput      
00001bf5  selectPinPushPullOutput       
20001240  semaphores                    
00000349  setBackgroundRule             
0000295b  setPSP                        
00001e49  setPinAuxFunction             
00001d2f  setPinCommitControl           
0000210d  setPinValue                   
00002165  setPortValue                  
000002c1  setSRAMBits                   
000007e9  setThreadPriority             
00002859  setUart0BaudRate              
0000036d  setupSramAccess               
00001601  shell                         
000008eb  sleep                         
00001209  sortTaskPriorities            
00000295  sramSubregionToggle           
0000087d  startRtos                     
000007d9  stopThread                    
000022df  strLen                        
00000a95  svCallIsr                     
0000091d  systickIsr                    
200012db  taskCount                     
200012da  taskCurrent                   
20001000  tcb                           
0000157f  uncooperative                 
00000f65  usageFaultIsr                 
000008f7  wait                          
00002c25  waitMicrosecond               
000008e7  yield                         


GLOBAL SYMBOLS: SORTED BY Symbol Address 

address   name                          
-------   ----                          
00000000  __TI_static_base__            
00000000  g_pfnVectors                  
0000026d  mallocFromHeap                
00000295  sramSubregionToggle           
000002c1  setSRAMBits                   
0000031d  enableExceptionHandler        
0000033d  enableMPU                     
00000349  setBackgroundRule             
00000357  allowFlashAccess              
00000365  allowPeripheralAccess         
0000036d  setupSramAccess               
0000039f  getSvcNumber                  
000003bd  initMpu                       
000003d5  copyString                    
00000425  getIpcsData                   
0000050d  initRtos                      
0000056d  rtosScheduler                 
00000605  createThread                  
000007cf  restartThread                 
000007d9  stopThread                    
000007e9  setThreadPriority             
0000083d  createSemaphore               
0000087d  startRtos                     
000008e7  yield                         
000008eb  sleep                         
000008f7  wait                          
00000905  post                          
0000091d  systickIsr                    
0000099d  pendSvIsr                     
00000a95  svCallIsr                     
00000dd1  mpuFaultIsr                   
00000ef5  hardFaultIsr                  
00000f55  busFaultIsr                   
00000f65  usageFaultIsr                 
00000f89  initHw                        
00001000  __STACK_SIZE                  
00001079  readPbs                       
000010e1  idle2                         
00001209  sortTaskPriorities            
00001301  priorityScheduler             
00001375  mallocFromHeap_UserSpace      
00001389  idle                          
000013ad  flash4Hz                      
000013db  oneshot                       
00001401  partOfLengthyFn               
00001411  lengthyFn                     
00001489  readKeys                      
0000153d  debounce                      
0000157f  uncooperative                 
00001595  errant                        
000015b3  important                     
000015df  getData                       
00001601  shell                         
0000183d  main                          
00001ab9  enablePort                    
00001b75  disablePort                   
00001bf5  selectPinPushPullOutput       
00001c43  selectPinOpenDrainOutput      
00001c91  selectPinDigitalInput         
00001cdf  selectPinAnalogInput          
00001d2f  setPinCommitControl           
00001dab  enablePinPullup               
00001dd9  disablePinPullup              
00001dfd  enablePinPulldown             
00001e21  disablePinPulldown            
00001e49  setPinAuxFunction             
00001f5b  selectPinInterruptRisingEdge  
00001fab  selectPinInterruptFallingEdge 
00001ffb  selectPinInterruptBothEdges   
00002051  selectPinInterruptHighLevel   
0000208b  selectPinInterruptLowLevel    
000020c5  enablePinInterrupt            
000020e9  disablePinInterrupt           
0000210d  setPinValue                   
00002133  getPinValue                   
00002165  setPortValue                  
000021e9  getPortValue                  
00002279  rebootMCU                     
0000227d  ps                            
0000228d  kill                          
0000229f  pmap                          
000022b1  preempt                       
000022bf  sched                         
000022cd  pidof                         
000022df  strLen                        
00002301  convertDec_Hex                
0000238f  convertNumToString            
00002425  printfString                  
0000245b  getString                     
0000257d  matchCommand                  
00002633  matchCommandArg               
000026df  getNum                        
000027c5  initUart0                     
00002859  setUart0BaudRate              
00002885  putcUart0                     
000028a1  putsUart0                     
000028cd  getcUart0                     
000028e9  kbhitUart0                    
00002949  enablePSPMode                 
0000295b  setPSP                        
00002961  getPsp                        
0000296b  getMsp                        
00002975  disablePrivileged             
00002987  enablePrivileged              
00002999  pushStack                     
000029db  popStack                      
00002a1d  pushPsp                       
00002a2d  __aeabi_memcpy                
00002a2d  __aeabi_memcpy4               
00002a2d  __aeabi_memcpy8               
00002a2d  memcpy                        
00002ac9  __aeabi_memclr                
00002ac9  __aeabi_memclr4               
00002ac9  __aeabi_memclr8               
00002acb  __aeabi_memset                
00002acb  __aeabi_memset4               
00002acb  __aeabi_memset8               
00002ad1  memset                        
00002b43  __TI_decompress_lzss          
00002bad  __TI_auto_init_nobinit_nopinit
00002bf1  _c_int00_noargs               
00002c25  waitMicrosecond               
00002c49  __TI_zero_init_nomemset       
00002c65  initSystemClockTo40Mhz        
00002c75  __TI_decompress_none          
00002c83  ResetISR                      
00002c8d  _system_pre_init              
00002c91  C$$EXIT                       
00002c91  abort                         
00002ca8  __TI_Handler_Table_Base       
00002cb4  __TI_Handler_Table_Limit      
00002cc0  __TI_CINIT_Base               
00002cd0  __TI_CINIT_Limit              
20000000  __stack                       
20000000  __start___llvm_prf_cnts       
20000000  __stop___llvm_prf_cnts        
20000200  __STACK_TOP                   
20001000  __STACK_END                   
20001000  tcb                           
20001240  semaphores                    
200012c8  priNextTask                   
200012d8  activeScheduler               
200012d9  preemptionMode                
200012da  taskCurrent                   
200012db  taskCount                     
200012e0  level                         
ffffffff  __TI_pprof_out_hndl           
ffffffff  __TI_prof_data_size           
ffffffff  __TI_prof_data_start          
ffffffff  __binit__                     
ffffffff  __c_args__                    
ffffffff  binit                         
UNDEFED   __mpu_init                    
UNDEFED   _system_post_cinit            

[154 symbols]
