<?xml version="1.0" encoding="ISO-8859-1" ?>
<link_info>
   <banner>TI ARM Linker PC v20.2.7.LTS</banner>
   <copyright>Copyright (c) 1996-2018 Texas Instruments Incorporated</copyright>
   <link_time>0x6386e8bb</link_time>
   <link_errors>0x0</link_errors>
   <output_file>RTOS_Final_Project.out</output_file>
   <entry_point>
      <name>_c_int00_noargs</name>
      <address>0x3019</address>
   </entry_point>
   <input_file_list>
      <input_file id="fl-2">
         <path>.\</path>
         <kind>object</kind>
         <file>PSP.obj</file>
         <name>PSP.obj</name>
      </input_file>
      <input_file id="fl-3">
         <path>.\</path>
         <kind>object</kind>
         <file>clock.obj</file>
         <name>clock.obj</name>
      </input_file>
      <input_file id="fl-4">
         <path>.\</path>
         <kind>object</kind>
         <file>gpio.obj</file>
         <name>gpio.obj</name>
      </input_file>
      <input_file id="fl-5">
         <path>.\</path>
         <kind>object</kind>
         <file>main.obj</file>
         <name>main.obj</name>
      </input_file>
      <input_file id="fl-6">
         <path>.\</path>
         <kind>object</kind>
         <file>shell.obj</file>
         <name>shell.obj</name>
      </input_file>
      <input_file id="fl-7">
         <path>.\</path>
         <kind>object</kind>
         <file>tm4c123gh6pm_startup_ccs.obj</file>
         <name>tm4c123gh6pm_startup_ccs.obj</name>
      </input_file>
      <input_file id="fl-8">
         <path>.\</path>
         <kind>object</kind>
         <file>uart0.obj</file>
         <name>uart0.obj</name>
      </input_file>
      <input_file id="fl-9">
         <path>.\</path>
         <kind>object</kind>
         <file>wait.obj</file>
         <name>wait.obj</name>
      </input_file>
      <input_file id="fl-d">
         <kind>object</kind>
         <file>&lt;internal&gt;</file>
         <name>&lt;internal&gt;</name>
      </input_file>
      <input_file id="fl-c3">
         <path>D:\ti\ccs1040\ccs\tools\compiler\ti-cgt-arm_20.2.7.LTS\lib\</path>
         <kind>archive</kind>
         <file>rtsv7M4_T_le_v4SPD16_eabi.lib</file>
         <name>memset_t2.asm.obj</name>
      </input_file>
      <input_file id="fl-c4">
         <path>D:\ti\ccs1040\ccs\tools\compiler\ti-cgt-arm_20.2.7.LTS\lib\</path>
         <kind>archive</kind>
         <file>rtsv7M4_T_le_v4SPD16_eabi.lib</file>
         <name>copy_zero_init.c.obj</name>
      </input_file>
      <input_file id="fl-c5">
         <path>D:\ti\ccs1040\ccs\tools\compiler\ti-cgt-arm_20.2.7.LTS\lib\</path>
         <kind>archive</kind>
         <file>rtsv7M4_T_le_v4SPD16_eabi.lib</file>
         <name>copy_decompress_none.c.obj</name>
      </input_file>
      <input_file id="fl-c6">
         <path>D:\ti\ccs1040\ccs\tools\compiler\ti-cgt-arm_20.2.7.LTS\lib\</path>
         <kind>archive</kind>
         <file>rtsv7M4_T_le_v4SPD16_eabi.lib</file>
         <name>copy_decompress_lzss.c.obj</name>
      </input_file>
      <input_file id="fl-c7">
         <path>D:\ti\ccs1040\ccs\tools\compiler\ti-cgt-arm_20.2.7.LTS\lib\</path>
         <kind>archive</kind>
         <file>rtsv7M4_T_le_v4SPD16_eabi.lib</file>
         <name>boot_cortex_m.c.obj</name>
      </input_file>
      <input_file id="fl-c8">
         <path>D:\ti\ccs1040\ccs\tools\compiler\ti-cgt-arm_20.2.7.LTS\lib\</path>
         <kind>archive</kind>
         <file>rtsv7M4_T_le_v4SPD16_eabi.lib</file>
         <name>memcpy_t2.asm.obj</name>
      </input_file>
      <input_file id="fl-c9">
         <path>D:\ti\ccs1040\ccs\tools\compiler\ti-cgt-arm_20.2.7.LTS\lib\</path>
         <kind>archive</kind>
         <file>rtsv7M4_T_le_v4SPD16_eabi.lib</file>
         <name>autoinit.c.obj</name>
      </input_file>
      <input_file id="fl-ca">
         <path>D:\ti\ccs1040\ccs\tools\compiler\ti-cgt-arm_20.2.7.LTS\lib\</path>
         <kind>archive</kind>
         <file>rtsv7M4_T_le_v4SPD16_eabi.lib</file>
         <name>pre_init.c.obj</name>
      </input_file>
      <input_file id="fl-cb">
         <path>D:\ti\ccs1040\ccs\tools\compiler\ti-cgt-arm_20.2.7.LTS\lib\</path>
         <kind>archive</kind>
         <file>rtsv7M4_T_le_v4SPD16_eabi.lib</file>
         <name>cpy_tbl.c.obj</name>
      </input_file>
      <input_file id="fl-cc">
         <path>D:\ti\ccs1040\ccs\tools\compiler\ti-cgt-arm_20.2.7.LTS\lib\</path>
         <kind>archive</kind>
         <file>rtsv7M4_T_le_v4SPD16_eabi.lib</file>
         <name>exit.c.obj</name>
      </input_file>
      <input_file id="fl-cd">
         <path>D:\ti\ccs1040\ccs\tools\compiler\ti-cgt-arm_20.2.7.LTS\lib\</path>
         <kind>archive</kind>
         <file>rtsv7M4_T_le_v4SPD16_eabi.lib</file>
         <name>_lock.c.obj</name>
      </input_file>
      <input_file id="fl-ce">
         <path>D:\ti\ccs1040\ccs\tools\compiler\ti-cgt-arm_20.2.7.LTS\lib\</path>
         <kind>archive</kind>
         <file>rtsv7M4_T_le_v4SPD16_eabi.lib</file>
         <name>args_main.c.obj</name>
      </input_file>
   </input_file_list>
   <object_component_list>
      <object_component id="oc-12">
         <name>.intvecs</name>
         <load_address>0x0</load_address>
         <run_address>0x0</run_address>
         <size>0x26c</size>
         <input_file_ref idref="fl-7"/>
      </object_component>
      <object_component id="oc-2d">
         <name>.text</name>
         <load_address>0x26c</load_address>
         <run_address>0x26c</run_address>
         <size>0x1c78</size>
         <input_file_ref idref="fl-5"/>
      </object_component>
      <object_component id="oc-93">
         <name>.text</name>
         <load_address>0x1ee4</load_address>
         <run_address>0x1ee4</run_address>
         <size>0x7c0</size>
         <input_file_ref idref="fl-4"/>
      </object_component>
      <object_component id="oc-87">
         <name>.text</name>
         <load_address>0x26a4</load_address>
         <run_address>0x26a4</run_address>
         <size>0x548</size>
         <input_file_ref idref="fl-6"/>
      </object_component>
      <object_component id="oc-81">
         <name>.text</name>
         <load_address>0x2bec</load_address>
         <run_address>0x2bec</run_address>
         <size>0x184</size>
         <input_file_ref idref="fl-8"/>
      </object_component>
      <object_component id="oc-74">
         <name>.text</name>
         <load_address>0x2d70</load_address>
         <run_address>0x2d70</run_address>
         <size>0xe4</size>
         <input_file_ref idref="fl-2"/>
      </object_component>
      <object_component id="oc-41">
         <name>.text</name>
         <load_address>0x2e54</load_address>
         <run_address>0x2e54</run_address>
         <size>0x9c</size>
         <input_file_ref idref="fl-c8"/>
      </object_component>
      <object_component id="oc-d0">
         <name>.text</name>
         <load_address>0x2ef0</load_address>
         <run_address>0x2ef0</run_address>
         <size>0x7a</size>
         <input_file_ref idref="fl-c3"/>
      </object_component>
      <object_component id="oc-15">
         <name>.text:decompress:lzss:__TI_decompress_lzss</name>
         <load_address>0x2f6a</load_address>
         <run_address>0x2f6a</run_address>
         <size>0x68</size>
         <input_file_ref idref="fl-c6"/>
      </object_component>
      <object_component id="oc-11e">
         <name>.text:__TI_auto_init_nobinit_nopinit:__TI_auto_init_nobinit_nopinit</name>
         <load_address>0x2fd4</load_address>
         <run_address>0x2fd4</run_address>
         <size>0x44</size>
         <input_file_ref idref="fl-c9"/>
      </object_component>
      <object_component id="oc-5f">
         <name>.text:_c_int00_noargs:_c_int00_noargs</name>
         <load_address>0x3018</load_address>
         <run_address>0x3018</run_address>
         <size>0x34</size>
         <input_file_ref idref="fl-c7"/>
      </object_component>
      <object_component id="oc-99">
         <name>.text</name>
         <load_address>0x304c</load_address>
         <run_address>0x304c</run_address>
         <size>0x24</size>
         <input_file_ref idref="fl-9"/>
      </object_component>
      <object_component id="oc-4d">
         <name>.text:decompress:ZI:__TI_zero_init_nomemset:__TI_zero_init_nomemset</name>
         <load_address>0x3070</load_address>
         <run_address>0x3070</run_address>
         <size>0x1c</size>
         <input_file_ref idref="fl-c4"/>
      </object_component>
      <object_component id="oc-8d">
         <name>.text</name>
         <load_address>0x308c</load_address>
         <run_address>0x308c</run_address>
         <size>0x10</size>
         <input_file_ref idref="fl-3"/>
      </object_component>
      <object_component id="oc-1b">
         <name>.text:decompress:none:__TI_decompress_none</name>
         <load_address>0x309c</load_address>
         <run_address>0x309c</run_address>
         <size>0xe</size>
         <input_file_ref idref="fl-c5"/>
      </object_component>
      <object_component id="oc-27">
         <name>.text</name>
         <load_address>0x30aa</load_address>
         <run_address>0x30aa</run_address>
         <size>0xa</size>
         <input_file_ref idref="fl-7"/>
      </object_component>
      <object_component id="oc-d6">
         <name>.text:_system_pre_init</name>
         <load_address>0x30b4</load_address>
         <run_address>0x30b4</run_address>
         <size>0x4</size>
         <input_file_ref idref="fl-ca"/>
      </object_component>
      <object_component id="oc-112">
         <name>.text:abort:abort</name>
         <load_address>0x30b8</load_address>
         <run_address>0x30b8</run_address>
         <size>0x4</size>
         <input_file_ref idref="fl-cc"/>
      </object_component>
      <object_component id="oc-1d3">
         <name>.cinit..data.load</name>
         <load_address>0x30c0</load_address>
         <run_address>0x30c0</run_address>
         <size>0x10</size>
      </object_component>
      <object_component id="oc-1d1">
         <name>__TI_handler_table</name>
         <load_address>0x30d0</load_address>
         <run_address>0x30d0</run_address>
         <size>0xc</size>
      </object_component>
      <object_component id="oc-1d4">
         <name>.cinit..bss.load</name>
         <load_address>0x30e0</load_address>
         <run_address>0x30e0</run_address>
         <size>0x8</size>
      </object_component>
      <object_component id="oc-1d2">
         <name>__TI_cinit_table</name>
         <load_address>0x30e8</load_address>
         <run_address>0x30e8</run_address>
         <size>0x10</size>
      </object_component>
      <object_component id="oc-79">
         <name>.data</name>
         <load_address>0x200012d4</load_address>
         <run_address>0x200012d4</run_address>
         <size>0x11</size>
         <input_file_ref idref="fl-5"/>
      </object_component>
      <object_component id="oc-f4">
         <name>.bss:hexNum$1</name>
         <uninitialized>true</uninitialized>
         <run_address>0x200012b8</run_address>
         <size>0x10</size>
         <input_file_ref idref="fl-6"/>
      </object_component>
      <object_component id="oc-7c">
         <name>.common:semaphores</name>
         <uninitialized>true</uninitialized>
         <run_address>0x20001240</run_address>
         <size>0x78</size>
      </object_component>
      <object_component id="oc-80">
         <name>.common:priNextTask</name>
         <uninitialized>true</uninitialized>
         <run_address>0x200012c8</run_address>
         <size>0xc</size>
      </object_component>
      <object_component id="oc-7f">
         <name>.common:tcb</name>
         <uninitialized>true</uninitialized>
         <run_address>0x20001000</run_address>
         <size>0x240</size>
      </object_component>
      <object_component id="oc-24">
         <name>.stack</name>
         <uninitialized>true</uninitialized>
         <run_address>0x20000000</run_address>
         <size>0x4</size>
         <input_file_ref idref="fl-c7"/>
      </object_component>
      <object_component id="oc-1d6">
         <name>.stack</name>
         <uninitialized>true</uninitialized>
         <run_address>0x20000000</run_address>
         <size>0x0</size>
      </object_component>
      <object_component id="oc-76">
         <name>.debug_info</name>
         <load_address>0x0</load_address>
         <run_address>0x0</run_address>
         <size>0x132</size>
         <input_file_ref idref="fl-2"/>
      </object_component>
      <object_component id="oc-101">
         <name>.debug_info</name>
         <load_address>0x132</load_address>
         <run_address>0x132</run_address>
         <size>0x272</size>
         <input_file_ref idref="fl-3"/>
      </object_component>
      <object_component id="oc-90">
         <name>.debug_info</name>
         <load_address>0x3a4</load_address>
         <run_address>0x3a4</run_address>
         <size>0x12f</size>
         <input_file_ref idref="fl-3"/>
      </object_component>
      <object_component id="oc-b6">
         <name>.debug_info</name>
         <load_address>0x4d3</load_address>
         <run_address>0x4d3</run_address>
         <size>0x26b</size>
         <input_file_ref idref="fl-3"/>
      </object_component>
      <object_component id="oc-3c">
         <name>.debug_info</name>
         <load_address>0x73e</load_address>
         <run_address>0x73e</run_address>
         <size>0x84</size>
         <input_file_ref idref="fl-3"/>
      </object_component>
      <object_component id="oc-fc">
         <name>.debug_info</name>
         <load_address>0x7c2</load_address>
         <run_address>0x7c2</run_address>
         <size>0x2a4</size>
         <input_file_ref idref="fl-3"/>
      </object_component>
      <object_component id="oc-a0">
         <name>.debug_info</name>
         <load_address>0xa66</load_address>
         <run_address>0xa66</run_address>
         <size>0xbb</size>
         <input_file_ref idref="fl-3"/>
      </object_component>
      <object_component id="oc-fa">
         <name>.debug_info</name>
         <load_address>0xb21</load_address>
         <run_address>0xb21</run_address>
         <size>0x277</size>
         <input_file_ref idref="fl-4"/>
      </object_component>
      <object_component id="oc-95">
         <name>.debug_info</name>
         <load_address>0xd98</load_address>
         <run_address>0xd98</run_address>
         <size>0xfb6</size>
         <input_file_ref idref="fl-4"/>
      </object_component>
      <object_component id="oc-ed">
         <name>.debug_info</name>
         <load_address>0x1d4e</load_address>
         <run_address>0x1d4e</run_address>
         <size>0x88</size>
         <input_file_ref idref="fl-4"/>
      </object_component>
      <object_component id="oc-a5">
         <name>.debug_info</name>
         <load_address>0x1dd6</load_address>
         <run_address>0x1dd6</run_address>
         <size>0x8b</size>
         <input_file_ref idref="fl-4"/>
      </object_component>
      <object_component id="oc-7d">
         <name>.debug_info</name>
         <load_address>0x1e61</load_address>
         <run_address>0x1e61</run_address>
         <size>0x86e</size>
         <input_file_ref idref="fl-5"/>
      </object_component>
      <object_component id="oc-7a">
         <name>.debug_info</name>
         <load_address>0x26cf</load_address>
         <run_address>0x26cf</run_address>
         <size>0x1ac</size>
         <input_file_ref idref="fl-5"/>
      </object_component>
      <object_component id="oc-2e">
         <name>.debug_info</name>
         <load_address>0x287b</load_address>
         <run_address>0x287b</run_address>
         <size>0x2eb9</size>
         <input_file_ref idref="fl-5"/>
      </object_component>
      <object_component id="oc-aa">
         <name>.debug_info</name>
         <load_address>0x5734</load_address>
         <run_address>0x5734</run_address>
         <size>0x240</size>
         <input_file_ref idref="fl-5"/>
      </object_component>
      <object_component id="oc-af">
         <name>.debug_info</name>
         <load_address>0x5974</load_address>
         <run_address>0x5974</run_address>
         <size>0x8a</size>
         <input_file_ref idref="fl-5"/>
      </object_component>
      <object_component id="oc-f6">
         <name>.debug_info</name>
         <load_address>0x59fe</load_address>
         <run_address>0x59fe</run_address>
         <size>0x36a</size>
         <input_file_ref idref="fl-6"/>
      </object_component>
      <object_component id="oc-89">
         <name>.debug_info</name>
         <load_address>0x5d68</load_address>
         <run_address>0x5d68</run_address>
         <size>0xa46</size>
         <input_file_ref idref="fl-6"/>
      </object_component>
      <object_component id="oc-35">
         <name>.debug_info</name>
         <load_address>0x67ae</load_address>
         <run_address>0x67ae</run_address>
         <size>0x391</size>
         <input_file_ref idref="fl-7"/>
      </object_component>
      <object_component id="oc-13">
         <name>.debug_info</name>
         <load_address>0x6b3f</load_address>
         <run_address>0x6b3f</run_address>
         <size>0x102</size>
         <input_file_ref idref="fl-7"/>
      </object_component>
      <object_component id="oc-29">
         <name>.debug_info</name>
         <load_address>0x6c41</load_address>
         <run_address>0x6c41</run_address>
         <size>0x21c</size>
         <input_file_ref idref="fl-7"/>
      </object_component>
      <object_component id="oc-f3">
         <name>.debug_info</name>
         <load_address>0x6e5d</load_address>
         <run_address>0x6e5d</run_address>
         <size>0x28a</size>
         <input_file_ref idref="fl-8"/>
      </object_component>
      <object_component id="oc-83">
         <name>.debug_info</name>
         <load_address>0x70e7</load_address>
         <run_address>0x70e7</run_address>
         <size>0x36c</size>
         <input_file_ref idref="fl-8"/>
      </object_component>
      <object_component id="oc-9b">
         <name>.debug_info</name>
         <load_address>0x7453</load_address>
         <run_address>0x7453</run_address>
         <size>0x139</size>
         <input_file_ref idref="fl-9"/>
      </object_component>
      <object_component id="oc-d1">
         <name>.debug_info</name>
         <load_address>0x758c</load_address>
         <run_address>0x758c</run_address>
         <size>0x147</size>
         <input_file_ref idref="fl-c3"/>
      </object_component>
      <object_component id="oc-cf">
         <name>.debug_info</name>
         <load_address>0x76d3</load_address>
         <run_address>0x76d3</run_address>
         <size>0x2d4</size>
         <input_file_ref idref="fl-c4"/>
      </object_component>
      <object_component id="oc-4f">
         <name>.debug_info</name>
         <load_address>0x79a7</load_address>
         <run_address>0x79a7</run_address>
         <size>0x1d2</size>
         <input_file_ref idref="fl-c4"/>
      </object_component>
      <object_component id="oc-ca">
         <name>.debug_info</name>
         <load_address>0x7b79</load_address>
         <run_address>0x7b79</run_address>
         <size>0x46</size>
         <input_file_ref idref="fl-c4"/>
      </object_component>
      <object_component id="oc-109">
         <name>.debug_info</name>
         <load_address>0x7bbf</load_address>
         <run_address>0x7bbf</run_address>
         <size>0x2c</size>
         <input_file_ref idref="fl-c4"/>
      </object_component>
      <object_component id="oc-4c">
         <name>.debug_info</name>
         <load_address>0x7beb</load_address>
         <run_address>0x7beb</run_address>
         <size>0x2a8</size>
         <input_file_ref idref="fl-c5"/>
      </object_component>
      <object_component id="oc-1c">
         <name>.debug_info</name>
         <load_address>0x7e93</load_address>
         <run_address>0x7e93</run_address>
         <size>0x1ea</size>
         <input_file_ref idref="fl-c5"/>
      </object_component>
      <object_component id="oc-47">
         <name>.debug_info</name>
         <load_address>0x807d</load_address>
         <run_address>0x807d</run_address>
         <size>0x46</size>
         <input_file_ref idref="fl-c5"/>
      </object_component>
      <object_component id="oc-c2">
         <name>.debug_info</name>
         <load_address>0x80c3</load_address>
         <run_address>0x80c3</run_address>
         <size>0x2c</size>
         <input_file_ref idref="fl-c5"/>
      </object_component>
      <object_component id="oc-c0">
         <name>.debug_info</name>
         <load_address>0x80ef</load_address>
         <run_address>0x80ef</run_address>
         <size>0x29e</size>
         <input_file_ref idref="fl-c6"/>
      </object_component>
      <object_component id="oc-17">
         <name>.debug_info</name>
         <load_address>0x838d</load_address>
         <run_address>0x838d</run_address>
         <size>0x250</size>
         <input_file_ref idref="fl-c6"/>
      </object_component>
      <object_component id="oc-37">
         <name>.debug_info</name>
         <load_address>0x85dd</load_address>
         <run_address>0x85dd</run_address>
         <size>0x60</size>
         <input_file_ref idref="fl-c6"/>
      </object_component>
      <object_component id="oc-102">
         <name>.debug_info</name>
         <load_address>0x863d</load_address>
         <run_address>0x863d</run_address>
         <size>0x46</size>
         <input_file_ref idref="fl-c6"/>
      </object_component>
      <object_component id="oc-bb">
         <name>.debug_info</name>
         <load_address>0x8683</load_address>
         <run_address>0x8683</run_address>
         <size>0x39</size>
         <input_file_ref idref="fl-c6"/>
      </object_component>
      <object_component id="oc-25">
         <name>.debug_info</name>
         <load_address>0x86bc</load_address>
         <run_address>0x86bc</run_address>
         <size>0x10b</size>
         <input_file_ref idref="fl-c7"/>
      </object_component>
      <object_component id="oc-60">
         <name>.debug_info</name>
         <load_address>0x87c7</load_address>
         <run_address>0x87c7</run_address>
         <size>0x1a9</size>
         <input_file_ref idref="fl-c7"/>
      </object_component>
      <object_component id="oc-42">
         <name>.debug_info</name>
         <load_address>0x8970</load_address>
         <run_address>0x8970</run_address>
         <size>0x119</size>
         <input_file_ref idref="fl-c8"/>
      </object_component>
      <object_component id="oc-163">
         <name>.debug_info</name>
         <load_address>0x8a89</load_address>
         <run_address>0x8a89</run_address>
         <size>0x4b3</size>
         <input_file_ref idref="fl-c9"/>
      </object_component>
      <object_component id="oc-122">
         <name>.debug_info</name>
         <load_address>0x8f3c</load_address>
         <run_address>0x8f3c</run_address>
         <size>0x1a6</size>
         <input_file_ref idref="fl-c9"/>
      </object_component>
      <object_component id="oc-188">
         <name>.debug_info</name>
         <load_address>0x90e2</load_address>
         <run_address>0x90e2</run_address>
         <size>0x39</size>
         <input_file_ref idref="fl-c9"/>
      </object_component>
      <object_component id="oc-19c">
         <name>.debug_info</name>
         <load_address>0x911b</load_address>
         <run_address>0x911b</run_address>
         <size>0x39</size>
         <input_file_ref idref="fl-c9"/>
      </object_component>
      <object_component id="oc-18d">
         <name>.debug_info</name>
         <load_address>0x9154</load_address>
         <run_address>0x9154</run_address>
         <size>0x39</size>
         <input_file_ref idref="fl-c9"/>
      </object_component>
      <object_component id="oc-192">
         <name>.debug_info</name>
         <load_address>0x918d</load_address>
         <run_address>0x918d</run_address>
         <size>0xcd</size>
         <input_file_ref idref="fl-c9"/>
      </object_component>
      <object_component id="oc-d7">
         <name>.debug_info</name>
         <load_address>0x925a</load_address>
         <run_address>0x925a</run_address>
         <size>0x153</size>
         <input_file_ref idref="fl-ca"/>
      </object_component>
      <object_component id="oc-113">
         <name>.debug_info</name>
         <load_address>0x93ad</load_address>
         <run_address>0x93ad</run_address>
         <size>0x122</size>
         <input_file_ref idref="fl-cc"/>
      </object_component>
      <object_component id="oc-1d7">
         <name>.debug_info</name>
         <load_address>0x94cf</load_address>
         <run_address>0x94cf</run_address>
         <size>0xb5</size>
      </object_component>
      <object_component id="oc-78">
         <name>.debug_line</name>
         <load_address>0x0</load_address>
         <run_address>0x0</run_address>
         <size>0x78</size>
         <input_file_ref idref="fl-2"/>
      </object_component>
      <object_component id="oc-157">
         <name>.debug_line</name>
         <load_address>0x78</load_address>
         <run_address>0x78</run_address>
         <size>0x20</size>
         <input_file_ref idref="fl-3"/>
      </object_component>
      <object_component id="oc-8e">
         <name>.debug_line</name>
         <load_address>0x98</load_address>
         <run_address>0x98</run_address>
         <size>0x43</size>
         <input_file_ref idref="fl-3"/>
      </object_component>
      <object_component id="oc-b9">
         <name>.debug_line</name>
         <load_address>0xdb</load_address>
         <run_address>0xdb</run_address>
         <size>0x6f</size>
         <input_file_ref idref="fl-3"/>
      </object_component>
      <object_component id="oc-3f">
         <name>.debug_line</name>
         <load_address>0x14a</load_address>
         <run_address>0x14a</run_address>
         <size>0x20</size>
         <input_file_ref idref="fl-3"/>
      </object_component>
      <object_component id="oc-ff">
         <name>.debug_line</name>
         <load_address>0x16a</load_address>
         <run_address>0x16a</run_address>
         <size>0x73</size>
         <input_file_ref idref="fl-3"/>
      </object_component>
      <object_component id="oc-a3">
         <name>.debug_line</name>
         <load_address>0x1dd</load_address>
         <run_address>0x1dd</run_address>
         <size>0x70</size>
         <input_file_ref idref="fl-3"/>
      </object_component>
      <object_component id="oc-155">
         <name>.debug_line</name>
         <load_address>0x24d</load_address>
         <run_address>0x24d</run_address>
         <size>0x20</size>
         <input_file_ref idref="fl-4"/>
      </object_component>
      <object_component id="oc-94">
         <name>.debug_line</name>
         <load_address>0x26d</load_address>
         <run_address>0x26d</run_address>
         <size>0x39a</size>
         <input_file_ref idref="fl-4"/>
      </object_component>
      <object_component id="oc-f0">
         <name>.debug_line</name>
         <load_address>0x607</load_address>
         <run_address>0x607</run_address>
         <size>0x2d</size>
         <input_file_ref idref="fl-4"/>
      </object_component>
      <object_component id="oc-a8">
         <name>.debug_line</name>
         <load_address>0x634</load_address>
         <run_address>0x634</run_address>
         <size>0x20</size>
         <input_file_ref idref="fl-4"/>
      </object_component>
      <object_component id="oc-ec">
         <name>.debug_line</name>
         <load_address>0x654</load_address>
         <run_address>0x654</run_address>
         <size>0x71</size>
         <input_file_ref idref="fl-5"/>
      </object_component>
      <object_component id="oc-ea">
         <name>.debug_line</name>
         <load_address>0x6c5</load_address>
         <run_address>0x6c5</run_address>
         <size>0x2d</size>
         <input_file_ref idref="fl-5"/>
      </object_component>
      <object_component id="oc-32">
         <name>.debug_line</name>
         <load_address>0x6f2</load_address>
         <run_address>0x6f2</run_address>
         <size>0xe56</size>
         <input_file_ref idref="fl-5"/>
      </object_component>
      <object_component id="oc-ad">
         <name>.debug_line</name>
         <load_address>0x1548</load_address>
         <run_address>0x1548</run_address>
         <size>0x2d</size>
         <input_file_ref idref="fl-5"/>
      </object_component>
      <object_component id="oc-b2">
         <name>.debug_line</name>
         <load_address>0x1575</load_address>
         <run_address>0x1575</run_address>
         <size>0x2e</size>
         <input_file_ref idref="fl-5"/>
      </object_component>
      <object_component id="oc-153">
         <name>.debug_line</name>
         <load_address>0x15a3</load_address>
         <run_address>0x15a3</run_address>
         <size>0x3c</size>
         <input_file_ref idref="fl-6"/>
      </object_component>
      <object_component id="oc-88">
         <name>.debug_line</name>
         <load_address>0x15df</load_address>
         <run_address>0x15df</run_address>
         <size>0x30a</size>
         <input_file_ref idref="fl-6"/>
      </object_component>
      <object_component id="oc-b5">
         <name>.debug_line</name>
         <load_address>0x18e9</load_address>
         <run_address>0x18e9</run_address>
         <size>0x41</size>
         <input_file_ref idref="fl-7"/>
      </object_component>
      <object_component id="oc-34">
         <name>.debug_line</name>
         <load_address>0x192a</load_address>
         <run_address>0x192a</run_address>
         <size>0x41</size>
         <input_file_ref idref="fl-7"/>
      </object_component>
      <object_component id="oc-28">
         <name>.debug_line</name>
         <load_address>0x196b</load_address>
         <run_address>0x196b</run_address>
         <size>0x89</size>
         <input_file_ref idref="fl-7"/>
      </object_component>
      <object_component id="oc-151">
         <name>.debug_line</name>
         <load_address>0x19f4</load_address>
         <run_address>0x19f4</run_address>
         <size>0x2e</size>
         <input_file_ref idref="fl-8"/>
      </object_component>
      <object_component id="oc-82">
         <name>.debug_line</name>
         <load_address>0x1a22</load_address>
         <run_address>0x1a22</run_address>
         <size>0xf1</size>
         <input_file_ref idref="fl-8"/>
      </object_component>
      <object_component id="oc-9a">
         <name>.debug_line</name>
         <load_address>0x1b13</load_address>
         <run_address>0x1b13</run_address>
         <size>0x52</size>
         <input_file_ref idref="fl-9"/>
      </object_component>
      <object_component id="oc-d4">
         <name>.debug_line</name>
         <load_address>0x1b65</load_address>
         <run_address>0x1b65</run_address>
         <size>0x79</size>
         <input_file_ref idref="fl-c3"/>
      </object_component>
      <object_component id="oc-10f">
         <name>.debug_line</name>
         <load_address>0x1bde</load_address>
         <run_address>0x1bde</run_address>
         <size>0x92</size>
         <input_file_ref idref="fl-c4"/>
      </object_component>
      <object_component id="oc-4e">
         <name>.debug_line</name>
         <load_address>0x1c70</load_address>
         <run_address>0x1c70</run_address>
         <size>0x4c</size>
         <input_file_ref idref="fl-c4"/>
      </object_component>
      <object_component id="oc-cd">
         <name>.debug_line</name>
         <load_address>0x1cbc</load_address>
         <run_address>0x1cbc</run_address>
         <size>0x34</size>
         <input_file_ref idref="fl-c4"/>
      </object_component>
      <object_component id="oc-10c">
         <name>.debug_line</name>
         <load_address>0x1cf0</load_address>
         <run_address>0x1cf0</run_address>
         <size>0x92</size>
         <input_file_ref idref="fl-c4"/>
      </object_component>
      <object_component id="oc-c8">
         <name>.debug_line</name>
         <load_address>0x1d82</load_address>
         <run_address>0x1d82</run_address>
         <size>0x20</size>
         <input_file_ref idref="fl-c5"/>
      </object_component>
      <object_component id="oc-1f">
         <name>.debug_line</name>
         <load_address>0x1da2</load_address>
         <run_address>0x1da2</run_address>
         <size>0x55</size>
         <input_file_ref idref="fl-c5"/>
      </object_component>
      <object_component id="oc-4a">
         <name>.debug_line</name>
         <load_address>0x1df7</load_address>
         <run_address>0x1df7</run_address>
         <size>0x3a</size>
         <input_file_ref idref="fl-c5"/>
      </object_component>
      <object_component id="oc-c5">
         <name>.debug_line</name>
         <load_address>0x1e31</load_address>
         <run_address>0x1e31</run_address>
         <size>0x92</size>
         <input_file_ref idref="fl-c5"/>
      </object_component>
      <object_component id="oc-108">
         <name>.debug_line</name>
         <load_address>0x1ec3</load_address>
         <run_address>0x1ec3</run_address>
         <size>0x20</size>
         <input_file_ref idref="fl-c6"/>
      </object_component>
      <object_component id="oc-19">
         <name>.debug_line</name>
         <load_address>0x1ee3</load_address>
         <run_address>0x1ee3</run_address>
         <size>0xa9</size>
         <input_file_ref idref="fl-c6"/>
      </object_component>
      <object_component id="oc-3a">
         <name>.debug_line</name>
         <load_address>0x1f8c</load_address>
         <run_address>0x1f8c</run_address>
         <size>0x3a</size>
         <input_file_ref idref="fl-c6"/>
      </object_component>
      <object_component id="oc-105">
         <name>.debug_line</name>
         <load_address>0x1fc6</load_address>
         <run_address>0x1fc6</run_address>
         <size>0x9a</size>
         <input_file_ref idref="fl-c6"/>
      </object_component>
      <object_component id="oc-be">
         <name>.debug_line</name>
         <load_address>0x2060</load_address>
         <run_address>0x2060</run_address>
         <size>0x96</size>
         <input_file_ref idref="fl-c6"/>
      </object_component>
      <object_component id="oc-72">
         <name>.debug_line</name>
         <load_address>0x20f6</load_address>
         <run_address>0x20f6</run_address>
         <size>0x33</size>
         <input_file_ref idref="fl-c7"/>
      </object_component>
      <object_component id="oc-63">
         <name>.debug_line</name>
         <load_address>0x2129</load_address>
         <run_address>0x2129</run_address>
         <size>0x45</size>
         <input_file_ref idref="fl-c7"/>
      </object_component>
      <object_component id="oc-45">
         <name>.debug_line</name>
         <load_address>0x216e</load_address>
         <run_address>0x216e</run_address>
         <size>0x88</size>
         <input_file_ref idref="fl-c8"/>
      </object_component>
      <object_component id="oc-187">
         <name>.debug_line</name>
         <load_address>0x21f6</load_address>
         <run_address>0x21f6</run_address>
         <size>0xbf</size>
         <input_file_ref idref="fl-c9"/>
      </object_component>
      <object_component id="oc-11f">
         <name>.debug_line</name>
         <load_address>0x22b5</load_address>
         <run_address>0x22b5</run_address>
         <size>0x6f</size>
         <input_file_ref idref="fl-c9"/>
      </object_component>
      <object_component id="oc-18b">
         <name>.debug_line</name>
         <load_address>0x2324</load_address>
         <run_address>0x2324</run_address>
         <size>0x2e</size>
         <input_file_ref idref="fl-c9"/>
      </object_component>
      <object_component id="oc-19f">
         <name>.debug_line</name>
         <load_address>0x2352</load_address>
         <run_address>0x2352</run_address>
         <size>0x9a</size>
         <input_file_ref idref="fl-c9"/>
      </object_component>
      <object_component id="oc-190">
         <name>.debug_line</name>
         <load_address>0x23ec</load_address>
         <run_address>0x23ec</run_address>
         <size>0x97</size>
         <input_file_ref idref="fl-c9"/>
      </object_component>
      <object_component id="oc-195">
         <name>.debug_line</name>
         <load_address>0x2483</load_address>
         <run_address>0x2483</run_address>
         <size>0x93</size>
         <input_file_ref idref="fl-c9"/>
      </object_component>
      <object_component id="oc-db">
         <name>.debug_line</name>
         <load_address>0x2516</load_address>
         <run_address>0x2516</run_address>
         <size>0x40</size>
         <input_file_ref idref="fl-ca"/>
      </object_component>
      <object_component id="oc-116">
         <name>.debug_line</name>
         <load_address>0x2556</load_address>
         <run_address>0x2556</run_address>
         <size>0x3c</size>
         <input_file_ref idref="fl-cc"/>
      </object_component>
      <object_component id="oc-e8">
         <name>.debug_abbrev</name>
         <load_address>0x0</load_address>
         <run_address>0x0</run_address>
         <size>0x35</size>
         <input_file_ref idref="fl-2"/>
      </object_component>
      <object_component id="oc-156">
         <name>.debug_abbrev</name>
         <load_address>0x35</load_address>
         <run_address>0x35</run_address>
         <size>0x27</size>
         <input_file_ref idref="fl-3"/>
      </object_component>
      <object_component id="oc-f8">
         <name>.debug_abbrev</name>
         <load_address>0x5c</load_address>
         <run_address>0x5c</run_address>
         <size>0x50</size>
         <input_file_ref idref="fl-3"/>
      </object_component>
      <object_component id="oc-b8">
         <name>.debug_abbrev</name>
         <load_address>0xac</load_address>
         <run_address>0xac</run_address>
         <size>0x69</size>
         <input_file_ref idref="fl-3"/>
      </object_component>
      <object_component id="oc-3e">
         <name>.debug_abbrev</name>
         <load_address>0x115</load_address>
         <run_address>0x115</run_address>
         <size>0x1f</size>
         <input_file_ref idref="fl-3"/>
      </object_component>
      <object_component id="oc-fe">
         <name>.debug_abbrev</name>
         <load_address>0x134</load_address>
         <run_address>0x134</run_address>
         <size>0x5c</size>
         <input_file_ref idref="fl-3"/>
      </object_component>
      <object_component id="oc-a2">
         <name>.debug_abbrev</name>
         <load_address>0x190</load_address>
         <run_address>0x190</run_address>
         <size>0x24</size>
         <input_file_ref idref="fl-3"/>
      </object_component>
      <object_component id="oc-154">
         <name>.debug_abbrev</name>
         <load_address>0x1b4</load_address>
         <run_address>0x1b4</run_address>
         <size>0x27</size>
         <input_file_ref idref="fl-4"/>
      </object_component>
      <object_component id="oc-f9">
         <name>.debug_abbrev</name>
         <load_address>0x1db</load_address>
         <run_address>0x1db</run_address>
         <size>0xc8</size>
         <input_file_ref idref="fl-4"/>
      </object_component>
      <object_component id="oc-ef">
         <name>.debug_abbrev</name>
         <load_address>0x2a3</load_address>
         <run_address>0x2a3</run_address>
         <size>0x44</size>
         <input_file_ref idref="fl-4"/>
      </object_component>
      <object_component id="oc-a7">
         <name>.debug_abbrev</name>
         <load_address>0x2e7</load_address>
         <run_address>0x2e7</run_address>
         <size>0x1f</size>
         <input_file_ref idref="fl-4"/>
      </object_component>
      <object_component id="oc-eb">
         <name>.debug_abbrev</name>
         <load_address>0x306</load_address>
         <run_address>0x306</run_address>
         <size>0xdb</size>
         <input_file_ref idref="fl-5"/>
      </object_component>
      <object_component id="oc-e9">
         <name>.debug_abbrev</name>
         <load_address>0x3e1</load_address>
         <run_address>0x3e1</run_address>
         <size>0x3d</size>
         <input_file_ref idref="fl-5"/>
      </object_component>
      <object_component id="oc-9f">
         <name>.debug_abbrev</name>
         <load_address>0x41e</load_address>
         <run_address>0x41e</run_address>
         <size>0x179</size>
         <input_file_ref idref="fl-5"/>
      </object_component>
      <object_component id="oc-ac">
         <name>.debug_abbrev</name>
         <load_address>0x597</load_address>
         <run_address>0x597</run_address>
         <size>0x7c</size>
         <input_file_ref idref="fl-5"/>
      </object_component>
      <object_component id="oc-b1">
         <name>.debug_abbrev</name>
         <load_address>0x613</load_address>
         <run_address>0x613</run_address>
         <size>0x4b</size>
         <input_file_ref idref="fl-5"/>
      </object_component>
      <object_component id="oc-152">
         <name>.debug_abbrev</name>
         <load_address>0x65e</load_address>
         <run_address>0x65e</run_address>
         <size>0xc1</size>
         <input_file_ref idref="fl-6"/>
      </object_component>
      <object_component id="oc-f5">
         <name>.debug_abbrev</name>
         <load_address>0x71f</load_address>
         <run_address>0x71f</run_address>
         <size>0xe3</size>
         <input_file_ref idref="fl-6"/>
      </object_component>
      <object_component id="oc-b4">
         <name>.debug_abbrev</name>
         <load_address>0x802</load_address>
         <run_address>0x802</run_address>
         <size>0x7c</size>
         <input_file_ref idref="fl-7"/>
      </object_component>
      <object_component id="oc-33">
         <name>.debug_abbrev</name>
         <load_address>0x87e</load_address>
         <run_address>0x87e</run_address>
         <size>0x29</size>
         <input_file_ref idref="fl-7"/>
      </object_component>
      <object_component id="oc-73">
         <name>.debug_abbrev</name>
         <load_address>0x8a7</load_address>
         <run_address>0x8a7</run_address>
         <size>0x79</size>
         <input_file_ref idref="fl-7"/>
      </object_component>
      <object_component id="oc-150">
         <name>.debug_abbrev</name>
         <load_address>0x920</load_address>
         <run_address>0x920</run_address>
         <size>0x3b</size>
         <input_file_ref idref="fl-8"/>
      </object_component>
      <object_component id="oc-f2">
         <name>.debug_abbrev</name>
         <load_address>0x95b</load_address>
         <run_address>0x95b</run_address>
         <size>0xa9</size>
         <input_file_ref idref="fl-8"/>
      </object_component>
      <object_component id="oc-fb">
         <name>.debug_abbrev</name>
         <load_address>0xa04</load_address>
         <run_address>0xa04</run_address>
         <size>0x6c</size>
         <input_file_ref idref="fl-9"/>
      </object_component>
      <object_component id="oc-110">
         <name>.debug_abbrev</name>
         <load_address>0xa70</load_address>
         <run_address>0xa70</run_address>
         <size>0x4f</size>
         <input_file_ref idref="fl-c3"/>
      </object_component>
      <object_component id="oc-10e">
         <name>.debug_abbrev</name>
         <load_address>0xabf</load_address>
         <run_address>0xabf</run_address>
         <size>0x5d</size>
         <input_file_ref idref="fl-c4"/>
      </object_component>
      <object_component id="oc-c9">
         <name>.debug_abbrev</name>
         <load_address>0xb1c</load_address>
         <run_address>0xb1c</run_address>
         <size>0x6f</size>
         <input_file_ref idref="fl-c4"/>
      </object_component>
      <object_component id="oc-cc">
         <name>.debug_abbrev</name>
         <load_address>0xb8b</load_address>
         <run_address>0xb8b</run_address>
         <size>0x24</size>
         <input_file_ref idref="fl-c4"/>
      </object_component>
      <object_component id="oc-10b">
         <name>.debug_abbrev</name>
         <load_address>0xbaf</load_address>
         <run_address>0xbaf</run_address>
         <size>0x24</size>
         <input_file_ref idref="fl-c4"/>
      </object_component>
      <object_component id="oc-c7">
         <name>.debug_abbrev</name>
         <load_address>0xbd3</load_address>
         <run_address>0xbd3</run_address>
         <size>0x37</size>
         <input_file_ref idref="fl-c5"/>
      </object_component>
      <object_component id="oc-46">
         <name>.debug_abbrev</name>
         <load_address>0xc0a</load_address>
         <run_address>0xc0a</run_address>
         <size>0x74</size>
         <input_file_ref idref="fl-c5"/>
      </object_component>
      <object_component id="oc-49">
         <name>.debug_abbrev</name>
         <load_address>0xc7e</load_address>
         <run_address>0xc7e</run_address>
         <size>0x24</size>
         <input_file_ref idref="fl-c5"/>
      </object_component>
      <object_component id="oc-c4">
         <name>.debug_abbrev</name>
         <load_address>0xca2</load_address>
         <run_address>0xca2</run_address>
         <size>0x24</size>
         <input_file_ref idref="fl-c5"/>
      </object_component>
      <object_component id="oc-107">
         <name>.debug_abbrev</name>
         <load_address>0xcc6</load_address>
         <run_address>0xcc6</run_address>
         <size>0x37</size>
         <input_file_ref idref="fl-c6"/>
      </object_component>
      <object_component id="oc-36">
         <name>.debug_abbrev</name>
         <load_address>0xcfd</load_address>
         <run_address>0xcfd</run_address>
         <size>0x6f</size>
         <input_file_ref idref="fl-c6"/>
      </object_component>
      <object_component id="oc-39">
         <name>.debug_abbrev</name>
         <load_address>0xd6c</load_address>
         <run_address>0xd6c</run_address>
         <size>0x24</size>
         <input_file_ref idref="fl-c6"/>
      </object_component>
      <object_component id="oc-104">
         <name>.debug_abbrev</name>
         <load_address>0xd90</load_address>
         <run_address>0xd90</run_address>
         <size>0x35</size>
         <input_file_ref idref="fl-c6"/>
      </object_component>
      <object_component id="oc-bd">
         <name>.debug_abbrev</name>
         <load_address>0xdc5</load_address>
         <run_address>0xdc5</run_address>
         <size>0x24</size>
         <input_file_ref idref="fl-c6"/>
      </object_component>
      <object_component id="oc-71">
         <name>.debug_abbrev</name>
         <load_address>0xde9</load_address>
         <run_address>0xde9</run_address>
         <size>0x29</size>
         <input_file_ref idref="fl-c7"/>
      </object_component>
      <object_component id="oc-df">
         <name>.debug_abbrev</name>
         <load_address>0xe12</load_address>
         <run_address>0xe12</run_address>
         <size>0x55</size>
         <input_file_ref idref="fl-c7"/>
      </object_component>
      <object_component id="oc-c1">
         <name>.debug_abbrev</name>
         <load_address>0xe67</load_address>
         <run_address>0xe67</run_address>
         <size>0x3e</size>
         <input_file_ref idref="fl-c8"/>
      </object_component>
      <object_component id="oc-186">
         <name>.debug_abbrev</name>
         <load_address>0xea5</load_address>
         <run_address>0xea5</run_address>
         <size>0xc0</size>
         <input_file_ref idref="fl-c9"/>
      </object_component>
      <object_component id="oc-162">
         <name>.debug_abbrev</name>
         <load_address>0xf65</load_address>
         <run_address>0xf65</run_address>
         <size>0x7e</size>
         <input_file_ref idref="fl-c9"/>
      </object_component>
      <object_component id="oc-18a">
         <name>.debug_abbrev</name>
         <load_address>0xfe3</load_address>
         <run_address>0xfe3</run_address>
         <size>0x24</size>
         <input_file_ref idref="fl-c9"/>
      </object_component>
      <object_component id="oc-19e">
         <name>.debug_abbrev</name>
         <load_address>0x1007</load_address>
         <run_address>0x1007</run_address>
         <size>0x24</size>
         <input_file_ref idref="fl-c9"/>
      </object_component>
      <object_component id="oc-18f">
         <name>.debug_abbrev</name>
         <load_address>0x102b</load_address>
         <run_address>0x102b</run_address>
         <size>0x24</size>
         <input_file_ref idref="fl-c9"/>
      </object_component>
      <object_component id="oc-194">
         <name>.debug_abbrev</name>
         <load_address>0x104f</load_address>
         <run_address>0x104f</run_address>
         <size>0x4b</size>
         <input_file_ref idref="fl-c9"/>
      </object_component>
      <object_component id="oc-111">
         <name>.debug_abbrev</name>
         <load_address>0x109a</load_address>
         <run_address>0x109a</run_address>
         <size>0x55</size>
         <input_file_ref idref="fl-ca"/>
      </object_component>
      <object_component id="oc-158">
         <name>.debug_abbrev</name>
         <load_address>0x10ef</load_address>
         <run_address>0x10ef</run_address>
         <size>0x45</size>
         <input_file_ref idref="fl-cc"/>
      </object_component>
      <object_component id="oc-1d8">
         <name>.debug_abbrev</name>
         <load_address>0x1134</load_address>
         <run_address>0x1134</run_address>
         <size>0xf</size>
      </object_component>
      <object_component id="oc-75">
         <name>.debug_aranges</name>
         <load_address>0x0</load_address>
         <run_address>0x0</run_address>
         <size>0x20</size>
         <input_file_ref idref="fl-2"/>
      </object_component>
      <object_component id="oc-92">
         <name>.debug_aranges</name>
         <load_address>0x20</load_address>
         <run_address>0x20</run_address>
         <size>0x20</size>
         <input_file_ref idref="fl-3"/>
      </object_component>
      <object_component id="oc-97">
         <name>.debug_aranges</name>
         <load_address>0x40</load_address>
         <run_address>0x40</run_address>
         <size>0xd0</size>
         <input_file_ref idref="fl-4"/>
      </object_component>
      <object_component id="oc-30">
         <name>.debug_aranges</name>
         <load_address>0x110</load_address>
         <run_address>0x110</run_address>
         <size>0x1d0</size>
         <input_file_ref idref="fl-5"/>
      </object_component>
      <object_component id="oc-8a">
         <name>.debug_aranges</name>
         <load_address>0x2e0</load_address>
         <run_address>0x2e0</run_address>
         <size>0x80</size>
         <input_file_ref idref="fl-6"/>
      </object_component>
      <object_component id="oc-2b">
         <name>.debug_aranges</name>
         <load_address>0x360</load_address>
         <run_address>0x360</run_address>
         <size>0x30</size>
         <input_file_ref idref="fl-7"/>
      </object_component>
      <object_component id="oc-85">
         <name>.debug_aranges</name>
         <load_address>0x390</load_address>
         <run_address>0x390</run_address>
         <size>0x48</size>
         <input_file_ref idref="fl-8"/>
      </object_component>
      <object_component id="oc-9d">
         <name>.debug_aranges</name>
         <load_address>0x3d8</load_address>
         <run_address>0x3d8</run_address>
         <size>0x20</size>
         <input_file_ref idref="fl-9"/>
      </object_component>
      <object_component id="oc-d3">
         <name>.debug_aranges</name>
         <load_address>0x3f8</load_address>
         <run_address>0x3f8</run_address>
         <size>0x28</size>
         <input_file_ref idref="fl-c3"/>
      </object_component>
      <object_component id="oc-50">
         <name>.debug_aranges</name>
         <load_address>0x420</load_address>
         <run_address>0x420</run_address>
         <size>0x20</size>
         <input_file_ref idref="fl-c4"/>
      </object_component>
      <object_component id="oc-1e">
         <name>.debug_aranges</name>
         <load_address>0x440</load_address>
         <run_address>0x440</run_address>
         <size>0x20</size>
         <input_file_ref idref="fl-c5"/>
      </object_component>
      <object_component id="oc-16">
         <name>.debug_aranges</name>
         <load_address>0x460</load_address>
         <run_address>0x460</run_address>
         <size>0x20</size>
         <input_file_ref idref="fl-c6"/>
      </object_component>
      <object_component id="oc-62">
         <name>.debug_aranges</name>
         <load_address>0x480</load_address>
         <run_address>0x480</run_address>
         <size>0x20</size>
         <input_file_ref idref="fl-c7"/>
      </object_component>
      <object_component id="oc-43">
         <name>.debug_aranges</name>
         <load_address>0x4a0</load_address>
         <run_address>0x4a0</run_address>
         <size>0x20</size>
         <input_file_ref idref="fl-c8"/>
      </object_component>
      <object_component id="oc-120">
         <name>.debug_aranges</name>
         <load_address>0x4c0</load_address>
         <run_address>0x4c0</run_address>
         <size>0x20</size>
         <input_file_ref idref="fl-c9"/>
      </object_component>
      <object_component id="oc-d9">
         <name>.debug_aranges</name>
         <load_address>0x4e0</load_address>
         <run_address>0x4e0</run_address>
         <size>0x20</size>
         <input_file_ref idref="fl-ca"/>
      </object_component>
      <object_component id="oc-115">
         <name>.debug_aranges</name>
         <load_address>0x500</load_address>
         <run_address>0x500</run_address>
         <size>0x20</size>
         <input_file_ref idref="fl-cc"/>
      </object_component>
      <object_component id="oc-77">
         <name>.debug_pubnames</name>
         <load_address>0x0</load_address>
         <run_address>0x0</run_address>
         <size>0x28</size>
         <input_file_ref idref="fl-2"/>
      </object_component>
      <object_component id="oc-91">
         <name>.debug_pubnames</name>
         <load_address>0x28</load_address>
         <run_address>0x28</run_address>
         <size>0x2d</size>
         <input_file_ref idref="fl-3"/>
      </object_component>
      <object_component id="oc-96">
         <name>.debug_pubnames</name>
         <load_address>0x55</load_address>
         <run_address>0x55</run_address>
         <size>0x234</size>
         <input_file_ref idref="fl-4"/>
      </object_component>
      <object_component id="oc-7e">
         <name>.debug_pubnames</name>
         <load_address>0x289</load_address>
         <run_address>0x289</run_address>
         <size>0x39</size>
         <input_file_ref idref="fl-5"/>
      </object_component>
      <object_component id="oc-7b">
         <name>.debug_pubnames</name>
         <load_address>0x2c2</load_address>
         <run_address>0x2c2</run_address>
         <size>0x71</size>
         <input_file_ref idref="fl-5"/>
      </object_component>
      <object_component id="oc-2f">
         <name>.debug_pubnames</name>
         <load_address>0x333</load_address>
         <run_address>0x333</run_address>
         <size>0x362</size>
         <input_file_ref idref="fl-5"/>
      </object_component>
      <object_component id="oc-f7">
         <name>.debug_pubnames</name>
         <load_address>0x695</load_address>
         <run_address>0x695</run_address>
         <size>0x26</size>
         <input_file_ref idref="fl-6"/>
      </object_component>
      <object_component id="oc-8b">
         <name>.debug_pubnames</name>
         <load_address>0x6bb</load_address>
         <run_address>0x6bb</run_address>
         <size>0xd0</size>
         <input_file_ref idref="fl-6"/>
      </object_component>
      <object_component id="oc-14">
         <name>.debug_pubnames</name>
         <load_address>0x78b</load_address>
         <run_address>0x78b</run_address>
         <size>0x23</size>
         <input_file_ref idref="fl-7"/>
      </object_component>
      <object_component id="oc-2a">
         <name>.debug_pubnames</name>
         <load_address>0x7ae</load_address>
         <run_address>0x7ae</run_address>
         <size>0x3f</size>
         <input_file_ref idref="fl-7"/>
      </object_component>
      <object_component id="oc-84">
         <name>.debug_pubnames</name>
         <load_address>0x7ed</load_address>
         <run_address>0x7ed</run_address>
         <size>0x6e</size>
         <input_file_ref idref="fl-8"/>
      </object_component>
      <object_component id="oc-9c">
         <name>.debug_pubnames</name>
         <load_address>0x85b</load_address>
         <run_address>0x85b</run_address>
         <size>0x26</size>
         <input_file_ref idref="fl-9"/>
      </object_component>
      <object_component id="oc-d2">
         <name>.debug_pubnames</name>
         <load_address>0x881</load_address>
         <run_address>0x881</run_address>
         <size>0x37</size>
         <input_file_ref idref="fl-c3"/>
      </object_component>
      <object_component id="oc-51">
         <name>.debug_pubnames</name>
         <load_address>0x8b8</load_address>
         <run_address>0x8b8</run_address>
         <size>0x2e</size>
         <input_file_ref idref="fl-c4"/>
      </object_component>
      <object_component id="oc-1d">
         <name>.debug_pubnames</name>
         <load_address>0x8e6</load_address>
         <run_address>0x8e6</run_address>
         <size>0x2b</size>
         <input_file_ref idref="fl-c5"/>
      </object_component>
      <object_component id="oc-18">
         <name>.debug_pubnames</name>
         <load_address>0x911</load_address>
         <run_address>0x911</run_address>
         <size>0x2b</size>
         <input_file_ref idref="fl-c6"/>
      </object_component>
      <object_component id="oc-26">
         <name>.debug_pubnames</name>
         <load_address>0x93c</load_address>
         <run_address>0x93c</run_address>
         <size>0x1e</size>
         <input_file_ref idref="fl-c7"/>
      </object_component>
      <object_component id="oc-61">
         <name>.debug_pubnames</name>
         <load_address>0x95a</load_address>
         <run_address>0x95a</run_address>
         <size>0x26</size>
         <input_file_ref idref="fl-c7"/>
      </object_component>
      <object_component id="oc-44">
         <name>.debug_pubnames</name>
         <load_address>0x980</load_address>
         <run_address>0x980</run_address>
         <size>0x1d</size>
         <input_file_ref idref="fl-c8"/>
      </object_component>
      <object_component id="oc-123">
         <name>.debug_pubnames</name>
         <load_address>0x99d</load_address>
         <run_address>0x99d</run_address>
         <size>0x35</size>
         <input_file_ref idref="fl-c9"/>
      </object_component>
      <object_component id="oc-d8">
         <name>.debug_pubnames</name>
         <load_address>0x9d2</load_address>
         <run_address>0x9d2</run_address>
         <size>0x27</size>
         <input_file_ref idref="fl-ca"/>
      </object_component>
      <object_component id="oc-114">
         <name>.debug_pubnames</name>
         <load_address>0x9f9</load_address>
         <run_address>0x9f9</run_address>
         <size>0x1c</size>
         <input_file_ref idref="fl-cc"/>
      </object_component>
      <object_component id="oc-8f">
         <name>.debug_frame</name>
         <load_address>0x0</load_address>
         <run_address>0x0</run_address>
         <size>0x54</size>
         <input_file_ref idref="fl-3"/>
      </object_component>
      <object_component id="oc-98">
         <name>.debug_frame</name>
         <load_address>0x54</load_address>
         <run_address>0x54</run_address>
         <size>0x274</size>
         <input_file_ref idref="fl-4"/>
      </object_component>
      <object_component id="oc-31">
         <name>.debug_frame</name>
         <load_address>0x2c8</load_address>
         <run_address>0x2c8</run_address>
         <size>0x5a4</size>
         <input_file_ref idref="fl-5"/>
      </object_component>
      <object_component id="oc-8c">
         <name>.debug_frame</name>
         <load_address>0x86c</load_address>
         <run_address>0x86c</run_address>
         <size>0x194</size>
         <input_file_ref idref="fl-6"/>
      </object_component>
      <object_component id="oc-2c">
         <name>.debug_frame</name>
         <load_address>0xa00</load_address>
         <run_address>0xa00</run_address>
         <size>0x7c</size>
         <input_file_ref idref="fl-7"/>
      </object_component>
      <object_component id="oc-86">
         <name>.debug_frame</name>
         <load_address>0xa7c</load_address>
         <run_address>0xa7c</run_address>
         <size>0xcc</size>
         <input_file_ref idref="fl-8"/>
      </object_component>
      <object_component id="oc-9e">
         <name>.debug_frame</name>
         <load_address>0xb48</load_address>
         <run_address>0xb48</run_address>
         <size>0x58</size>
         <input_file_ref idref="fl-9"/>
      </object_component>
      <object_component id="oc-52">
         <name>.debug_frame</name>
         <load_address>0xba0</load_address>
         <run_address>0xba0</run_address>
         <size>0x54</size>
         <input_file_ref idref="fl-c4"/>
      </object_component>
      <object_component id="oc-20">
         <name>.debug_frame</name>
         <load_address>0xbf4</load_address>
         <run_address>0xbf4</run_address>
         <size>0x54</size>
         <input_file_ref idref="fl-c5"/>
      </object_component>
      <object_component id="oc-1a">
         <name>.debug_frame</name>
         <load_address>0xc48</load_address>
         <run_address>0xc48</run_address>
         <size>0x60</size>
         <input_file_ref idref="fl-c6"/>
      </object_component>
      <object_component id="oc-64">
         <name>.debug_frame</name>
         <load_address>0xca8</load_address>
         <run_address>0xca8</run_address>
         <size>0x50</size>
         <input_file_ref idref="fl-c7"/>
      </object_component>
      <object_component id="oc-121">
         <name>.debug_frame</name>
         <load_address>0xcf8</load_address>
         <run_address>0xcf8</run_address>
         <size>0x5c</size>
         <input_file_ref idref="fl-c9"/>
      </object_component>
      <object_component id="oc-da">
         <name>.debug_frame</name>
         <load_address>0xd54</load_address>
         <run_address>0xd54</run_address>
         <size>0x54</size>
         <input_file_ref idref="fl-ca"/>
      </object_component>
      <object_component id="oc-117">
         <name>.debug_frame</name>
         <load_address>0xda8</load_address>
         <run_address>0xda8</run_address>
         <size>0x54</size>
         <input_file_ref idref="fl-cc"/>
      </object_component>
      <object_component id="oc-ba">
         <name>.debug_str</name>
         <load_address>0x0</load_address>
         <run_address>0x0</run_address>
         <size>0x2c6</size>
         <input_file_ref idref="fl-3"/>
      </object_component>
      <object_component id="oc-40">
         <name>.debug_str</name>
         <load_address>0x2c6</load_address>
         <run_address>0x2c6</run_address>
         <size>0xfd</size>
         <input_file_ref idref="fl-3"/>
      </object_component>
      <object_component id="oc-100">
         <name>.debug_str</name>
         <load_address>0x3c3</load_address>
         <run_address>0x3c3</run_address>
         <size>0x35c</size>
         <input_file_ref idref="fl-3"/>
      </object_component>
      <object_component id="oc-a4">
         <name>.debug_str</name>
         <load_address>0x71f</load_address>
         <run_address>0x71f</run_address>
         <size>0x15e</size>
         <input_file_ref idref="fl-3"/>
      </object_component>
      <object_component id="oc-f1">
         <name>.debug_str</name>
         <load_address>0x87d</load_address>
         <run_address>0x87d</run_address>
         <size>0xe2</size>
         <input_file_ref idref="fl-4"/>
      </object_component>
      <object_component id="oc-a9">
         <name>.debug_str</name>
         <load_address>0x95f</load_address>
         <run_address>0x95f</run_address>
         <size>0xfd</size>
         <input_file_ref idref="fl-4"/>
      </object_component>
      <object_component id="oc-ae">
         <name>.debug_str</name>
         <load_address>0xa5c</load_address>
         <run_address>0xa5c</run_address>
         <size>0x1d2</size>
         <input_file_ref idref="fl-5"/>
      </object_component>
      <object_component id="oc-b3">
         <name>.debug_str</name>
         <load_address>0xc2e</load_address>
         <run_address>0xc2e</run_address>
         <size>0xf6</size>
         <input_file_ref idref="fl-5"/>
      </object_component>
      <object_component id="oc-ce">
         <name>.debug_str</name>
         <load_address>0xd24</load_address>
         <run_address>0xd24</run_address>
         <size>0x105</size>
         <input_file_ref idref="fl-c4"/>
      </object_component>
      <object_component id="oc-10d">
         <name>.debug_str</name>
         <load_address>0xe29</load_address>
         <run_address>0xe29</run_address>
         <size>0x140</size>
         <input_file_ref idref="fl-c4"/>
      </object_component>
      <object_component id="oc-4b">
         <name>.debug_str</name>
         <load_address>0xf69</load_address>
         <run_address>0xf69</run_address>
         <size>0x10b</size>
         <input_file_ref idref="fl-c5"/>
      </object_component>
      <object_component id="oc-c6">
         <name>.debug_str</name>
         <load_address>0x1074</load_address>
         <run_address>0x1074</run_address>
         <size>0x140</size>
         <input_file_ref idref="fl-c5"/>
      </object_component>
      <object_component id="oc-3b">
         <name>.debug_str</name>
         <load_address>0x11b4</load_address>
         <run_address>0x11b4</run_address>
         <size>0x118</size>
         <input_file_ref idref="fl-c6"/>
      </object_component>
      <object_component id="oc-106">
         <name>.debug_str</name>
         <load_address>0x12cc</load_address>
         <run_address>0x12cc</run_address>
         <size>0x16b</size>
         <input_file_ref idref="fl-c6"/>
      </object_component>
      <object_component id="oc-bf">
         <name>.debug_str</name>
         <load_address>0x1437</load_address>
         <run_address>0x1437</run_address>
         <size>0x158</size>
         <input_file_ref idref="fl-c6"/>
      </object_component>
      <object_component id="oc-18c">
         <name>.debug_str</name>
         <load_address>0x158f</load_address>
         <run_address>0x158f</run_address>
         <size>0xed</size>
         <input_file_ref idref="fl-c9"/>
      </object_component>
      <object_component id="oc-1a0">
         <name>.debug_str</name>
         <load_address>0x167c</load_address>
         <run_address>0x167c</run_address>
         <size>0x157</size>
         <input_file_ref idref="fl-c9"/>
      </object_component>
      <object_component id="oc-191">
         <name>.debug_str</name>
         <load_address>0x17d3</load_address>
         <run_address>0x17d3</run_address>
         <size>0x150</size>
         <input_file_ref idref="fl-c9"/>
      </object_component>
      <object_component id="oc-196">
         <name>.debug_str</name>
         <load_address>0x1923</load_address>
         <run_address>0x1923</run_address>
         <size>0x197</size>
         <input_file_ref idref="fl-c9"/>
      </object_component>
      <object_component id="oc-b7">
         <name>.debug_pubtypes</name>
         <load_address>0x0</load_address>
         <run_address>0x0</run_address>
         <size>0x25c</size>
         <input_file_ref idref="fl-3"/>
      </object_component>
      <object_component id="oc-3d">
         <name>.debug_pubtypes</name>
         <load_address>0x25c</load_address>
         <run_address>0x25c</run_address>
         <size>0xed</size>
         <input_file_ref idref="fl-3"/>
      </object_component>
      <object_component id="oc-fd">
         <name>.debug_pubtypes</name>
         <load_address>0x349</load_address>
         <run_address>0x349</run_address>
         <size>0x330</size>
         <input_file_ref idref="fl-3"/>
      </object_component>
      <object_component id="oc-a1">
         <name>.debug_pubtypes</name>
         <load_address>0x679</load_address>
         <run_address>0x679</run_address>
         <size>0xaa</size>
         <input_file_ref idref="fl-3"/>
      </object_component>
      <object_component id="oc-ee">
         <name>.debug_pubtypes</name>
         <load_address>0x723</load_address>
         <run_address>0x723</run_address>
         <size>0x25</size>
         <input_file_ref idref="fl-4"/>
      </object_component>
      <object_component id="oc-a6">
         <name>.debug_pubtypes</name>
         <load_address>0x748</load_address>
         <run_address>0x748</run_address>
         <size>0xff</size>
         <input_file_ref idref="fl-4"/>
      </object_component>
      <object_component id="oc-ab">
         <name>.debug_pubtypes</name>
         <load_address>0x847</load_address>
         <run_address>0x847</run_address>
         <size>0x7e</size>
         <input_file_ref idref="fl-5"/>
      </object_component>
      <object_component id="oc-b0">
         <name>.debug_pubtypes</name>
         <load_address>0x8c5</load_address>
         <run_address>0x8c5</run_address>
         <size>0x2f</size>
         <input_file_ref idref="fl-5"/>
      </object_component>
      <object_component id="oc-cb">
         <name>.debug_pubtypes</name>
         <load_address>0x8f4</load_address>
         <run_address>0x8f4</run_address>
         <size>0x48</size>
         <input_file_ref idref="fl-c4"/>
      </object_component>
      <object_component id="oc-10a">
         <name>.debug_pubtypes</name>
         <load_address>0x93c</load_address>
         <run_address>0x93c</run_address>
         <size>0x1d</size>
         <input_file_ref idref="fl-c4"/>
      </object_component>
      <object_component id="oc-48">
         <name>.debug_pubtypes</name>
         <load_address>0x959</load_address>
         <run_address>0x959</run_address>
         <size>0x48</size>
         <input_file_ref idref="fl-c5"/>
      </object_component>
      <object_component id="oc-c3">
         <name>.debug_pubtypes</name>
         <load_address>0x9a1</load_address>
         <run_address>0x9a1</run_address>
         <size>0x1d</size>
         <input_file_ref idref="fl-c5"/>
      </object_component>
      <object_component id="oc-38">
         <name>.debug_pubtypes</name>
         <load_address>0x9be</load_address>
         <run_address>0x9be</run_address>
         <size>0x5d</size>
         <input_file_ref idref="fl-c6"/>
      </object_component>
      <object_component id="oc-103">
         <name>.debug_pubtypes</name>
         <load_address>0xa1b</load_address>
         <run_address>0xa1b</run_address>
         <size>0x48</size>
         <input_file_ref idref="fl-c6"/>
      </object_component>
      <object_component id="oc-bc">
         <name>.debug_pubtypes</name>
         <load_address>0xa63</load_address>
         <run_address>0xa63</run_address>
         <size>0x35</size>
         <input_file_ref idref="fl-c6"/>
      </object_component>
      <object_component id="oc-189">
         <name>.debug_pubtypes</name>
         <load_address>0xa98</load_address>
         <run_address>0xa98</run_address>
         <size>0x32</size>
         <input_file_ref idref="fl-c9"/>
      </object_component>
      <object_component id="oc-19d">
         <name>.debug_pubtypes</name>
         <load_address>0xaca</load_address>
         <run_address>0xaca</run_address>
         <size>0x30</size>
         <input_file_ref idref="fl-c9"/>
      </object_component>
      <object_component id="oc-18e">
         <name>.debug_pubtypes</name>
         <load_address>0xafa</load_address>
         <run_address>0xafa</run_address>
         <size>0x2c</size>
         <input_file_ref idref="fl-c9"/>
      </object_component>
      <object_component id="oc-193">
         <name>.debug_pubtypes</name>
         <load_address>0xb26</load_address>
         <run_address>0xb26</run_address>
         <size>0x50</size>
         <input_file_ref idref="fl-c9"/>
      </object_component>
   </object_component_list>
   <logical_group_list>
      <logical_group id="lg-3" display="no" color="cyan">
         <name>.intvecs</name>
         <load_address>0x0</load_address>
         <run_address>0x0</run_address>
         <size>0x26c</size>
         <contents>
            <object_component_ref idref="oc-12"/>
         </contents>
      </logical_group>
      <logical_group id="lg-4" display="no" color="cyan">
         <name>.text</name>
         <load_address>0x26c</load_address>
         <run_address>0x26c</run_address>
         <size>0x2e50</size>
         <contents>
            <object_component_ref idref="oc-2d"/>
            <object_component_ref idref="oc-93"/>
            <object_component_ref idref="oc-87"/>
            <object_component_ref idref="oc-81"/>
            <object_component_ref idref="oc-74"/>
            <object_component_ref idref="oc-41"/>
            <object_component_ref idref="oc-d0"/>
            <object_component_ref idref="oc-15"/>
            <object_component_ref idref="oc-11e"/>
            <object_component_ref idref="oc-5f"/>
            <object_component_ref idref="oc-99"/>
            <object_component_ref idref="oc-4d"/>
            <object_component_ref idref="oc-8d"/>
            <object_component_ref idref="oc-1b"/>
            <object_component_ref idref="oc-27"/>
            <object_component_ref idref="oc-d6"/>
            <object_component_ref idref="oc-112"/>
         </contents>
      </logical_group>
      <logical_group id="lg-5" display="no" color="cyan">
         <name>.const</name>
         <run_address>0x0</run_address>
         <size>0x0</size>
         <contents>
         </contents>
      </logical_group>
      <logical_group id="lg-6" display="no" color="cyan">
         <name>.cinit</name>
         <load_address>0x30c0</load_address>
         <run_address>0x30c0</run_address>
         <size>0x38</size>
         <contents>
            <object_component_ref idref="oc-1d3"/>
            <object_component_ref idref="oc-1d1"/>
            <object_component_ref idref="oc-1d4"/>
            <object_component_ref idref="oc-1d2"/>
         </contents>
      </logical_group>
      <logical_group id="lg-7" display="no" color="cyan">
         <name>.pinit</name>
         <run_address>0x0</run_address>
         <size>0x0</size>
         <contents>
         </contents>
      </logical_group>
      <logical_group id="lg-8" display="no" color="cyan">
         <name>.init_array</name>
         <run_address>0x0</run_address>
         <size>0x0</size>
         <contents>
         </contents>
      </logical_group>
      <logical_group id="lg-9" display="no" color="cyan">
         <name>.vtable</name>
         <run_address>0x0</run_address>
         <size>0x0</size>
         <contents>
         </contents>
      </logical_group>
      <logical_group id="lg-a" display="no" color="cyan">
         <name>.data</name>
         <run_address>0x200012d4</run_address>
         <size>0x11</size>
         <contents>
            <object_component_ref idref="oc-79"/>
         </contents>
      </logical_group>
      <logical_group id="lg-b" display="no" color="cyan">
         <name>.bss</name>
         <run_address>0x20001000</run_address>
         <size>0x2d4</size>
         <contents>
            <object_component_ref idref="oc-f4"/>
            <object_component_ref idref="oc-7c"/>
            <object_component_ref idref="oc-80"/>
            <object_component_ref idref="oc-7f"/>
         </contents>
      </logical_group>
      <logical_group id="lg-c" display="no" color="cyan">
         <name>.sysmem</name>
         <run_address>0x0</run_address>
         <size>0x0</size>
         <contents>
         </contents>
      </logical_group>
      <logical_group id="lg-d" display="no" color="cyan">
         <name>.stack</name>
         <run_address>0x20000000</run_address>
         <size>0x1000</size>
         <contents>
            <object_component_ref idref="oc-24"/>
            <object_component_ref idref="oc-1d6"/>
         </contents>
      </logical_group>
      <logical_group id="lg-1a8" display="no" color="cyan">
         <name>.TI.noinit</name>
         <run_address>0x0</run_address>
         <size>0x0</size>
         <contents>
         </contents>
      </logical_group>
      <logical_group id="lg-1a9" display="no" color="cyan">
         <name>.TI.persistent</name>
         <run_address>0x0</run_address>
         <size>0x0</size>
         <contents>
         </contents>
      </logical_group>
      <logical_group id="lg-1aa" display="no" color="cyan">
         <name>__llvm_prf_cnts</name>
         <run_address>0x20000000</run_address>
         <size>0x0</size>
         <contents>
         </contents>
      </logical_group>
      <logical_group id="lg-1b9" display="never" color="cyan">
         <name>.debug_info</name>
         <load_address>0x0</load_address>
         <run_address>0x0</run_address>
         <size>0x9584</size>
         <contents>
            <object_component_ref idref="oc-76"/>
            <object_component_ref idref="oc-101"/>
            <object_component_ref idref="oc-90"/>
            <object_component_ref idref="oc-b6"/>
            <object_component_ref idref="oc-3c"/>
            <object_component_ref idref="oc-fc"/>
            <object_component_ref idref="oc-a0"/>
            <object_component_ref idref="oc-fa"/>
            <object_component_ref idref="oc-95"/>
            <object_component_ref idref="oc-ed"/>
            <object_component_ref idref="oc-a5"/>
            <object_component_ref idref="oc-7d"/>
            <object_component_ref idref="oc-7a"/>
            <object_component_ref idref="oc-2e"/>
            <object_component_ref idref="oc-aa"/>
            <object_component_ref idref="oc-af"/>
            <object_component_ref idref="oc-f6"/>
            <object_component_ref idref="oc-89"/>
            <object_component_ref idref="oc-35"/>
            <object_component_ref idref="oc-13"/>
            <object_component_ref idref="oc-29"/>
            <object_component_ref idref="oc-f3"/>
            <object_component_ref idref="oc-83"/>
            <object_component_ref idref="oc-9b"/>
            <object_component_ref idref="oc-d1"/>
            <object_component_ref idref="oc-cf"/>
            <object_component_ref idref="oc-4f"/>
            <object_component_ref idref="oc-ca"/>
            <object_component_ref idref="oc-109"/>
            <object_component_ref idref="oc-4c"/>
            <object_component_ref idref="oc-1c"/>
            <object_component_ref idref="oc-47"/>
            <object_component_ref idref="oc-c2"/>
            <object_component_ref idref="oc-c0"/>
            <object_component_ref idref="oc-17"/>
            <object_component_ref idref="oc-37"/>
            <object_component_ref idref="oc-102"/>
            <object_component_ref idref="oc-bb"/>
            <object_component_ref idref="oc-25"/>
            <object_component_ref idref="oc-60"/>
            <object_component_ref idref="oc-42"/>
            <object_component_ref idref="oc-163"/>
            <object_component_ref idref="oc-122"/>
            <object_component_ref idref="oc-188"/>
            <object_component_ref idref="oc-19c"/>
            <object_component_ref idref="oc-18d"/>
            <object_component_ref idref="oc-192"/>
            <object_component_ref idref="oc-d7"/>
[...]
         <object_component_ref idref="oc-93"/>
      </symbol>
      <symbol id="sm-dd">
         <name>selectPinAnalogInput</name>
         <value>0x210b</value>
         <object_component_ref idref="oc-93"/>
      </symbol>
      <symbol id="sm-de">
         <name>selectPinPushPullOutput</name>
         <value>0x2021</value>
         <object_component_ref idref="oc-93"/>
      </symbol>
      <symbol id="sm-df">
         <name>selectPinInterruptHighLevel</name>
         <value>0x247d</value>
         <object_component_ref idref="oc-93"/>
      </symbol>
      <symbol id="sm-e0">
         <name>selectPinInterruptFallingEdge</name>
         <value>0x23d7</value>
         <object_component_ref idref="oc-93"/>
      </symbol>
      <symbol id="sm-e1">
         <name>selectPinOpenDrainOutput</name>
         <value>0x206f</value>
         <object_component_ref idref="oc-93"/>
      </symbol>
      <symbol id="sm-e2">
         <name>selectPinInterruptLowLevel</name>
         <value>0x24b7</value>
         <object_component_ref idref="oc-93"/>
      </symbol>
      <symbol id="sm-e3">
         <name>setPortValue</name>
         <value>0x2591</value>
         <object_component_ref idref="oc-93"/>
      </symbol>
      <symbol id="sm-e4">
         <name>enablePinInterrupt</name>
         <value>0x24f1</value>
         <object_component_ref idref="oc-93"/>
      </symbol>
      <symbol id="sm-e5">
         <name>setPinAuxFunction</name>
         <value>0x2275</value>
         <object_component_ref idref="oc-93"/>
      </symbol>
      <symbol id="sm-e6">
         <name>enablePort</name>
         <value>0x1ee5</value>
         <object_component_ref idref="oc-93"/>
      </symbol>
      <symbol id="sm-e7">
         <name>disablePinPulldown</name>
         <value>0x224d</value>
         <object_component_ref idref="oc-93"/>
      </symbol>
      <symbol id="sm-e8">
         <name>setPinCommitControl</name>
         <value>0x215b</value>
         <object_component_ref idref="oc-93"/>
      </symbol>
      <symbol id="sm-e9">
         <name>disablePort</name>
         <value>0x1fa1</value>
         <object_component_ref idref="oc-93"/>
      </symbol>
      <symbol id="sm-ea">
         <name>disablePinInterrupt</name>
         <value>0x2515</value>
         <object_component_ref idref="oc-93"/>
      </symbol>
      <symbol id="sm-eb">
         <name>enablePinPullup</name>
         <value>0x21d7</value>
         <object_component_ref idref="oc-93"/>
      </symbol>
      <symbol id="sm-ec">
         <name>getPinValue</name>
         <value>0x255f</value>
         <object_component_ref idref="oc-93"/>
      </symbol>
      <symbol id="sm-ed">
         <name>enablePinPulldown</name>
         <value>0x2229</value>
         <object_component_ref idref="oc-93"/>
      </symbol>
      <symbol id="sm-ee">
         <name>disablePinPullup</name>
         <value>0x2205</value>
         <object_component_ref idref="oc-93"/>
      </symbol>
      <symbol id="sm-ef">
         <name>selectPinDigitalInput</name>
         <value>0x20bd</value>
         <object_component_ref idref="oc-93"/>
      </symbol>
      <symbol id="sm-f0">
         <name>selectPinInterruptRisingEdge</name>
         <value>0x2387</value>
         <object_component_ref idref="oc-93"/>
      </symbol>
      <symbol id="sm-f1">
         <name>setPinValue</name>
         <value>0x2539</value>
         <object_component_ref idref="oc-93"/>
      </symbol>
      <symbol id="sm-2dd">
         <name>semaphores</name>
         <value>0x20001240</value>
      </symbol>
      <symbol id="sm-2de">
         <name>priNextTask</name>
         <value>0x200012c8</value>
      </symbol>
      <symbol id="sm-2df">
         <name>tcb</name>
         <value>0x20001000</value>
      </symbol>
      <symbol id="sm-2e0">
         <name>run</name>
         <value>0x18c9</value>
         <object_component_ref idref="oc-2d"/>
      </symbol>
      <symbol id="sm-2e1">
         <name>usageFaultIsr</name>
         <value>0x12e1</value>
         <object_component_ref idref="oc-2d"/>
      </symbol>
      <symbol id="sm-2e2">
         <name>getIpcsData</name>
         <value>0x425</value>
         <object_component_ref idref="oc-2d"/>
      </symbol>
      <symbol id="sm-2e3">
         <name>idle2</name>
         <value>0x1421</value>
         <object_component_ref idref="oc-2d"/>
      </symbol>
      <symbol id="sm-2e4">
         <name>initHw</name>
         <value>0x12f9</value>
         <object_component_ref idref="oc-2d"/>
      </symbol>
      <symbol id="sm-2e5">
         <name>initRtos</name>
         <value>0x505</value>
         <object_component_ref idref="oc-2d"/>
      </symbol>
      <symbol id="sm-2e6">
         <name>busFaultIsr</name>
         <value>0x12bd</value>
         <object_component_ref idref="oc-2d"/>
      </symbol>
      <symbol id="sm-2e7">
         <name>enableExceptionHandler</name>
         <value>0x31d</value>
         <object_component_ref idref="oc-2d"/>
      </symbol>
      <symbol id="sm-2e8">
         <name>flash4Hz</name>
         <value>0x1671</value>
         <object_component_ref idref="oc-2d"/>
      </symbol>
      <symbol id="sm-2e9">
         <name>mallocFromHeap_UserSpace</name>
         <value>0x15e7</value>
         <object_component_ref idref="oc-2d"/>
      </symbol>
      <symbol id="sm-2ea">
         <name>setupSramAccess</name>
         <value>0x36d</value>
         <object_component_ref idref="oc-2d"/>
      </symbol>
      <symbol id="sm-2eb">
         <name>pendSvIsr</name>
         <value>0xb95</value>
         <object_component_ref idref="oc-2d"/>
      </symbol>
      <symbol id="sm-2ec">
         <name>sortTaskPriorities</name>
         <value>0x1531</value>
         <object_component_ref idref="oc-2d"/>
      </symbol>
      <symbol id="sm-2ed">
         <name>rtosScheduler</name>
         <value>0x559</value>
         <object_component_ref idref="oc-2d"/>
      </symbol>
      <symbol id="sm-2ee">
         <name>taskCount</name>
         <value>0x200012d7</value>
         <object_component_ref idref="oc-79"/>
      </symbol>
      <symbol id="sm-2ef">
         <name>idle</name>
         <value>0x1621</value>
         <object_component_ref idref="oc-2d"/>
      </symbol>
      <symbol id="sm-2f0">
         <name>readKeys</name>
         <value>0x1751</value>
         <object_component_ref idref="oc-2d"/>
      </symbol>
      <symbol id="sm-2f1">
         <name>stopThread</name>
         <value>0x8d1</value>
         <object_component_ref idref="oc-2d"/>
      </symbol>
      <symbol id="sm-2f2">
         <name>initMpu</name>
         <value>0x3bd</value>
         <object_component_ref idref="oc-2d"/>
      </symbol>
      <symbol id="sm-2f3">
         <name>enableMPU</name>
         <value>0x33d</value>
         <object_component_ref idref="oc-2d"/>
      </symbol>
      <symbol id="sm-2f4">
         <name>systickIsr</name>
         <value>0xb0d</value>
         <object_component_ref idref="oc-2d"/>
      </symbol>
      <symbol id="sm-2f5">
         <name>getSvcNumber</name>
         <value>0x39f</value>
         <object_component_ref idref="oc-2d"/>
      </symbol>
      <symbol id="sm-2f6">
         <name>getData</name>
         <value>0x18a9</value>
         <object_component_ref idref="oc-2d"/>
      </symbol>
      <symbol id="sm-2f7">
         <name>allowFlashAccess</name>
         <value>0x357</value>
         <object_component_ref idref="oc-2d"/>
      </symbol>
      <symbol id="sm-2f8">
         <name>restartThread</name>
         <value>0x859</value>
         <object_component_ref idref="oc-2d"/>
      </symbol>
      <symbol id="sm-2f9">
         <name>level</name>
         <value>0x200012dc</value>
         <object_component_ref idref="oc-79"/>
      </symbol>
      <symbol id="sm-2fa">
         <name>main</name>
         <value>0x1c4f</value>
         <object_component_ref idref="oc-2d"/>
      </symbol>
      <symbol id="sm-2fb">
         <name>hardFaultIsr</name>
         <value>0x1261</value>
         <object_component_ref idref="oc-2d"/>
      </symbol>
      <symbol id="sm-2fc">
         <name>shell</name>
         <value>0x1905</value>
         <object_component_ref idref="oc-2d"/>
      </symbol>
      <symbol id="sm-2fd">
         <name>debounce</name>
         <value>0x17ff</value>
         <object_component_ref idref="oc-2d"/>
      </symbol>
      <symbol id="sm-2fe">
         <name>createSemaphore</name>
         <value>0xa0f</value>
         <object_component_ref idref="oc-2d"/>
      </symbol>
      <symbol id="sm-2ff">
         <name>activeScheduler</name>
         <value>0x200012d4</value>
         <object_component_ref idref="oc-79"/>
      </symbol>
      <symbol id="sm-300">
         <name>kill</name>
         <value>0x18bd</value>
         <object_component_ref idref="oc-2d"/>
      </symbol>
      <symbol id="sm-301">
         <name>partOfLengthyFn</name>
         <value>0x16c7</value>
         <object_component_ref idref="oc-2d"/>
      </symbol>
      <symbol id="sm-302">
         <name>preempt</name>
         <value>0x18d5</value>
         <object_component_ref idref="oc-2d"/>
      </symbol>
      <symbol id="sm-303">
         <name>preemptionMode</name>
         <value>0x200012d5</value>
         <object_component_ref idref="oc-79"/>
      </symbol>
      <symbol id="sm-304">
         <name>oneshot</name>
         <value>0x16a1</value>
         <object_component_ref idref="oc-2d"/>
      </symbol>
      <symbol id="sm-305">
         <name>readPbs</name>
         <value>0x13b9</value>
         <object_component_ref idref="oc-2d"/>
      </symbol>
      <symbol id="sm-306">
         <name>wait</name>
         <value>0xae5</value>
         <object_component_ref idref="oc-2d"/>
      </symbol>
      <symbol id="sm-307">
         <name>allowPeripheralAccess</name>
         <value>0x365</value>
         <object_component_ref idref="oc-2d"/>
      </symbol>
      <symbol id="sm-308">
         <name>svCallIsr</name>
         <value>0xc95</value>
         <object_component_ref idref="oc-2d"/>
      </symbol>
      <symbol id="sm-309">
         <name>taskCurrent</name>
         <value>0x200012d6</value>
         <object_component_ref idref="oc-79"/>
      </symbol>
      <symbol id="sm-30a">
         <name>sched</name>
         <value>0x18e3</value>
         <object_component_ref idref="oc-2d"/>
      </symbol>
      <symbol id="sm-30b">
         <name>errant</name>
         <value>0x1859</value>
         <object_component_ref idref="oc-2d"/>
      </symbol>
      <symbol id="sm-30c">
         <name>post</name>
         <value>0xaf3</value>
         <object_component_ref idref="oc-2d"/>
      </symbol>
      <symbol id="sm-30d">
         <name>mallocFromHeap</name>
         <value>0x26d</value>
         <object_component_ref idref="oc-2d"/>
      </symbol>
      <symbol id="sm-30e">
         <name>uncooperative</name>
         <value>0x1845</value>
         <object_component_ref idref="oc-2d"/>
      </symbol>
      <symbol id="sm-30f">
         <name>startRtos</name>
         <value>0xa51</value>
         <object_component_ref idref="oc-2d"/>
      </symbol>
      <symbol id="sm-310">
         <name>important</name>
         <value>0x187d</value>
         <object_component_ref idref="oc-2d"/>
      </symbol>
      <symbol id="sm-311">
         <name>sramSubregionToggle</name>
         <value>0x295</value>
         <object_component_ref idref="oc-2d"/>
      </symbol>
      <symbol id="sm-312">
         <name>setThreadPriority</name>
         <value>0x9ff</value>
         <object_component_ref idref="oc-2d"/>
      </symbol>
      <symbol id="sm-313">
         <name>priorityScheduler</name>
         <value>0x5d1</value>
         <object_component_ref idref="oc-2d"/>
      </symbol>
      <symbol id="sm-314">
         <name>createThread</name>
         <value>0x6ad</value>
         <object_component_ref idref="oc-2d"/>
      </symbol>
      <symbol id="sm-315">
         <name>lengthyFn</name>
         <value>0x16e1</value>
         <object_component_ref idref="oc-2d"/>
      </symbol>
      <symbol id="sm-316">
         <name>copyString</name>
         <value>0x3d5</value>
         <object_component_ref idref="oc-2d"/>
      </symbol>
      <symbol id="sm-317">
         <name>mpuFaultIsr</name>
         <value>0x1105</value>
         <object_component_ref idref="oc-2d"/>
      </symbol>
      <symbol id="sm-318">
         <name>yield</name>
         <value>0xad1</value>
         <object_component_ref idref="oc-2d"/>
      </symbol>
      <symbol id="sm-319">
         <name>setBackgroundRule</name>
         <value>0x349</value>
         <object_component_ref idref="oc-2d"/>
      </symbol>
      <symbol id="sm-31a">
         <name>setSRAMBits</name>
         <value>0x2c1</value>
         <object_component_ref idref="oc-2d"/>
      </symbol>
      <symbol id="sm-31b">
         <name>sleep</name>
         <value>0xad5</value>
         <object_component_ref idref="oc-2d"/>
      </symbol>
      <symbol id="sm-36f">
         <name>matchCommandArg</name>
         <value>0x2a63</value>
         <object_component_ref idref="oc-87"/>
      </symbol>
      <symbol id="sm-370">
         <name>pidof</name>
         <value>0x26cb</value>
         <object_component_ref idref="oc-87"/>
      </symbol>
      <symbol id="sm-371">
         <name>rebootMCU</name>
         <value>0x26a5</value>
         <object_component_ref idref="oc-87"/>
      </symbol>
      <symbol id="sm-372">
         <name>printfString</name>
         <value>0x2821</value>
         <object_component_ref idref="oc-87"/>
      </symbol>
      <symbol id="sm-373">
         <name>compareString</name>
         <value>0x2857</value>
         <object_component_ref idref="oc-87"/>
      </symbol>
      <symbol id="sm-374">
         <name>ps</name>
         <value>0x26a9</value>
         <object_component_ref idref="oc-87"/>
      </symbol>
      <symbol id="sm-375">
         <name>matchCommand</name>
         <value>0x29ad</value>
         <object_component_ref idref="oc-87"/>
      </symbol>
      <symbol id="sm-376">
         <name>getNum</name>
         <value>0x2b0f</value>
         <object_component_ref idref="oc-87"/>
      </symbol>
      <symbol id="sm-377">
         <name>getString</name>
         <value>0x28b3</value>
         <object_component_ref idref="oc-87"/>
      </symbol>
      <symbol id="sm-378">
         <name>pmap</name>
         <value>0x26b9</value>
         <object_component_ref idref="oc-87"/>
      </symbol>
      <symbol id="sm-379">
         <name>convertDec_Hex</name>
         <value>0x26fd</value>
         <object_component_ref idref="oc-87"/>
      </symbol>
      <symbol id="sm-37a">
         <name>strLen</name>
         <value>0x26db</value>
         <object_component_ref idref="oc-87"/>
      </symbol>
      <symbol id="sm-37b">
         <name>convertNumToString</name>
         <value>0x278b</value>
         <object_component_ref idref="oc-87"/>
      </symbol>
      <symbol id="sm-394">
         <name>ResetISR</name>
         <value>0x30ab</value>
         <object_component_ref idref="oc-27"/>
      </symbol>
      <symbol id="sm-395">
         <name>g_pfnVectors</name>
         <value>0x0</value>
         <object_component_ref idref="oc-12"/>
      </symbol>
      <symbol id="sm-3c1">
         <name>getcUart0</name>
         <value>0x2cf5</value>
         <object_component_ref idref="oc-81"/>
      </symbol>
      <symbol id="sm-3c2">
         <name>kbhitUart0</name>
         <value>0x2d11</value>
         <object_component_ref idref="oc-81"/>
      </symbol>
      <symbol id="sm-3c3">
         <name>setUart0BaudRate</name>
         <value>0x2c81</value>
         <object_component_ref idref="oc-81"/>
      </symbol>
      <symbol id="sm-3c4">
         <name>putsUart0</name>
         <value>0x2cc9</value>
         <object_component_ref idref="oc-81"/>
      </symbol>
      <symbol id="sm-3c5">
         <name>initUart0</name>
         <value>0x2bed</value>
         <object_component_ref idref="oc-81"/>
      </symbol>
      <symbol id="sm-3c6">
         <name>putcUart0</name>
         <value>0x2cad</value>
         <object_component_ref idref="oc-81"/>
      </symbol>
      <symbol id="sm-3d4">
         <name>waitMicrosecond</name>
         <value>0x304d</value>
         <object_component_ref idref="oc-99"/>
      </symbol>
      <symbol id="sm-3e3">
         <name>__aeabi_memset</name>
         <value>0x2ef3</value>
         <object_component_ref idref="oc-d0"/>
      </symbol>
      <symbol id="sm-3e4">
         <name>memset</name>
         <value>0x2ef9</value>
         <object_component_ref idref="oc-d0"/>
      </symbol>
      <symbol id="sm-3e5">
         <name>__aeabi_memset8</name>
         <value>0x2ef3</value>
         <object_component_ref idref="oc-d0"/>
      </symbol>
      <symbol id="sm-3e6">
         <name>__aeabi_memset4</name>
         <value>0x2ef3</value>
         <object_component_ref idref="oc-d0"/>
      </symbol>
      <symbol id="sm-3e7">
         <name>__aeabi_memclr8</name>
         <value>0x2ef1</value>
         <object_component_ref idref="oc-d0"/>
      </symbol>
      <symbol id="sm-3e8">
         <name>__aeabi_memclr4</name>
         <value>0x2ef1</value>
         <object_component_ref idref="oc-d0"/>
      </symbol>
      <symbol id="sm-3e9">
         <name>__aeabi_memclr</name>
         <value>0x2ef1</value>
         <object_component_ref idref="oc-d0"/>
      </symbol>
      <symbol id="sm-402">
         <name>__TI_zero_init_nomemset</name>
         <value>0x3071</value>
         <object_component_ref idref="oc-4d"/>
      </symbol>
      <symbol id="sm-419">
         <name>__TI_decompress_none</name>
         <value>0x309d</value>
         <object_component_ref idref="oc-1b"/>
      </symbol>
      <symbol id="sm-43c">
         <name>__TI_decompress_lzss</name>
         <value>0x2f6b</value>
         <object_component_ref idref="oc-15"/>
      </symbol>
      <symbol id="sm-44f">
         <name>__stack</name>
         <value>0x20000000</value>
         <object_component_ref idref="oc-24"/>
      </symbol>
      <symbol id="sm-450">
         <name>_c_int00_noargs</name>
         <value>0x3019</value>
         <object_component_ref idref="oc-5f"/>
      </symbol>
      <symbol id="sm-46b">
         <name>memcpy</name>
         <value>0x2e55</value>
         <object_component_ref idref="oc-41"/>
      </symbol>
      <symbol id="sm-46c">
         <name>__aeabi_memcpy</name>
         <value>0x2e55</value>
         <object_component_ref idref="oc-41"/>
      </symbol>
      <symbol id="sm-46d">
         <name>__aeabi_memcpy8</name>
         <value>0x2e55</value>
         <object_component_ref idref="oc-41"/>
      </symbol>
      <symbol id="sm-46e">
         <name>__aeabi_memcpy4</name>
         <value>0x2e55</value>
         <object_component_ref idref="oc-41"/>
      </symbol>
      <symbol id="sm-496">
         <name>__TI_auto_init_nobinit_nopinit</name>
         <value>0x2fd5</value>
         <object_component_ref idref="oc-11e"/>
      </symbol>
      <symbol id="sm-4a0">
         <name>_system_pre_init</name>
         <value>0x30b5</value>
         <object_component_ref idref="oc-d6"/>
      </symbol>
      <symbol id="sm-4ac">
         <name>C$$EXIT</name>
         <value>0x30b9</value>
         <object_component_ref idref="oc-112"/>
      </symbol>
      <symbol id="sm-4ad">
         <name>abort</name>
         <value>0x30b9</value>
         <object_component_ref idref="oc-112"/>
      </symbol>
      <symbol id="sm-4b0">
         <name>__TI_static_base__</name>
         <value>0x0</value>
      </symbol>
      <symbol id="sm-4b3">
         <name>__mpu_init</name>
         <value>0x0</value>
      </symbol>
      <symbol id="sm-4b4">
         <name>_system_post_cinit</name>
         <value>0x0</value>
      </symbol>
   </symbol_table>
   <title>Link successful</title>
</link_info>
