******************************************************************************
                  TI ARM Linker PC v20.2.7                     
******************************************************************************
>> Linked Mon Nov  7 06:42:10 2022

OUTPUT FILE NAME:   <RTOS_Final_Project.out>
ENTRY POINT SYMBOL: "_c_int00_noargs"  address: 0000241d


MEMORY CONFIGURATION

         name            origin    length      used     unused   attr    fill
----------------------  --------  ---------  --------  --------  ----  --------
  FLASH                 00000000   00040000  000024f8  0003db08  R  X
  SRAM                  20000000   00001400  0000131c  000000e4  RW X


SEGMENT ALLOCATION MAP

run origin  load origin   length   init length attrs members
----------  ----------- ---------- ----------- ----- -------
00000000    00000000    000024f8   000024f8    r-x
  00000000    00000000    0000026c   0000026c    r-- .intvecs
  0000026c    0000026c    00002254   00002254    r-x .text
  000024c0    000024c0    00000038   00000038    r-- .cinit
20000000    20000000    0000131c   00000000    rw-
  20000000    20000000    00001000   00000000    rw- .stack
  20001000    20001000    0000030c   00000000    rw- .bss
  2000130c    2000130c    00000010   00000000    rw- .data


SECTION ALLOCATION MAP

 output                                  attributes/
section   page    origin      length       input sections
--------  ----  ----------  ----------   ----------------
.intvecs   0    00000000    0000026c     
                  00000000    0000026c     tm4c123gh6pm_startup_ccs.obj (.intvecs)

.text      0    0000026c    00002254     
                  0000026c    00000cfc     main.obj (.text)
                  00000f68    000008d0     shell.obj (.text)
                  00001838    000007c0     gpio.obj (.text)
                  00001ff8    0000017c     uart0.obj (.text)
                  00002174    000000e4     PSP.obj (.text)
                  00002258    0000009c     rtsv7M4_T_le_v4SPD16_eabi.lib : memcpy_t2.asm.obj (.text)
                  000022f4    0000007a                                   : memset_t2.asm.obj (.text)
                  0000236e    00000068                                   : copy_decompress_lzss.c.obj (.text:decompress:lzss:__TI_decompress_lzss)
                  000023d6    00000002     --HOLE-- [fill = 0]
                  000023d8    00000044                                   : autoinit.c.obj (.text:__TI_auto_init_nobinit_nopinit:__TI_auto_init_nobinit_nopinit)
                  0000241c    00000034                                   : boot_cortex_m.c.obj (.text:_c_int00_noargs:_c_int00_noargs)
                  00002450    00000024     wait.obj (.text)
                  00002474    0000001c     rtsv7M4_T_le_v4SPD16_eabi.lib : copy_zero_init.c.obj (.text:decompress:ZI:__TI_zero_init_nomemset:__TI_zero_init_nomemset)
                  00002490    00000010     clock.obj (.text)
                  000024a0    0000000e     rtsv7M4_T_le_v4SPD16_eabi.lib : copy_decompress_none.c.obj (.text:decompress:none:__TI_decompress_none)
                  000024ae    0000000a     tm4c123gh6pm_startup_ccs.obj (.text)
                  000024b8    00000004     rtsv7M4_T_le_v4SPD16_eabi.lib : pre_init.c.obj (.text:_system_pre_init)
                  000024bc    00000004                                   : exit.c.obj (.text:abort:abort)

.cinit     0    000024c0    00000038     
                  000024c0    00000014     (.cinit..data.load) [load image, compression = lzss]
                  000024d4    0000000c     (__TI_handler_table)
                  000024e0    00000008     (.cinit..bss.load) [load image, compression = zero_init]
                  000024e8    00000010     (__TI_cinit_table)

.init_array 
*          0    00000000    00000000     UNINITIALIZED

.bss       0    20001000    0000030c     UNINITIALIZED
                  20001000    00000240     (.common:tcb)
                  20001240    00000078     (.common:semaphores)
                  200012b8    0000003d     shell.obj (.bss:data$4)
                  200012f5    00000010     shell.obj (.bss:hexNum$1)
                  20001305    00000002     shell.obj (.bss)
                  20001307    00000001     (.common:c)
                  20001308    00000004     (.common:testNum)

.data      0    2000130c    00000010     UNINITIALIZED
                  2000130c    00000010     main.obj (.data)

.stack     0    20000000    00001000     UNINITIALIZED
                  20000000    00000004     rtsv7M4_T_le_v4SPD16_eabi.lib : boot_cortex_m.c.obj (.stack)
                  20000004    00000ffc     --HOLE--

__llvm_prf_cnts 
*          0    20000000    00000000     UNINITIALIZED

MODULE SUMMARY

       Module                         code   ro data   rw data
       ------                         ----   -------   -------
    .\
       main.obj                       3324   0         712    
       shell.obj                      2256   0         84     
       gpio.obj                       1984   0         0      
       tm4c123gh6pm_startup_ccs.obj   10     620       0      
       uart0.obj                      380    0         0      
       PSP.obj                        228    0         0      
       wait.obj                       36     0         0      
       clock.obj                      16     0         0      
    +--+------------------------------+------+---------+---------+
       Total:                         8234   620       796    
                                                              
    D:\ti\ccs1040\ccs\tools\compiler\ti-cgt-arm_20.2.7.LTS\lib\rtsv7M4_T_le_v4SPD16_eabi.lib
       memcpy_t2.asm.obj              156    0         0      
       memset_t2.asm.obj              122    0         0      
       copy_decompress_lzss.c.obj     104    0         0      
       autoinit.c.obj                 68     0         0      
       boot_cortex_m.c.obj            52     0         0      
       copy_zero_init.c.obj           28     0         0      
       copy_decompress_none.c.obj     14     0         0      
       exit.c.obj                     4      0         0      
       pre_init.c.obj                 4      0         0      
    +--+------------------------------+------+---------+---------+
       Total:                         552    0         0      
                                                              
       Stack:                         0      0         4096   
       Linker Generated:              0      56        0      
    +--+------------------------------+------+---------+---------+
       Grand Total:                   8786   676       4892   


LINKER GENERATED COPY TABLES

__TI_cinit_table @ 000024e8 records: 2, size/record: 8, table size: 16
	.data: load addr=000024c0, load size=00000014 bytes, run addr=2000130c, run size=00000010 bytes, compression=lzss
	.bss: load addr=000024e0, load size=00000008 bytes, run addr=20001000, run size=0000030c bytes, compression=zero_init


LINKER GENERATED HANDLER TABLE

__TI_handler_table @ 000024d4 records: 3, size/record: 4, table size: 12
	index: 0, handler: __TI_decompress_lzss
	index: 1, handler: __TI_decompress_none
	index: 2, handler: __TI_zero_init


GLOBAL SYMBOLS: SORTED ALPHABETICALLY BY Name 

address   name                          
-------   ----                          
000024bd  C$$EXIT                       
000024af  ResetISR                      
20001000  __STACK_END                   
00001000  __STACK_SIZE                  
20000200  __STACK_TOP                   
000024e8  __TI_CINIT_Base               
000024f8  __TI_CINIT_Limit              
000024d4  __TI_Handler_Table_Base       
000024e0  __TI_Handler_Table_Limit      
000023d9  __TI_auto_init_nobinit_nopinit
0000236f  __TI_decompress_lzss          
000024a1  __TI_decompress_none          
ffffffff  __TI_pprof_out_hndl           
ffffffff  __TI_prof_data_size           
ffffffff  __TI_prof_data_start          
00000000  __TI_static_base__            
00002475  __TI_zero_init_nomemset       
000022f5  __aeabi_memclr                
000022f5  __aeabi_memclr4               
000022f5  __aeabi_memclr8               
00002259  __aeabi_memcpy                
00002259  __aeabi_memcpy4               
00002259  __aeabi_memcpy8               
000022f7  __aeabi_memset                
000022f7  __aeabi_memset4               
000022f7  __aeabi_memset8               
ffffffff  __binit__                     
ffffffff  __c_args__                    
UNDEFED   __mpu_init                    
20000000  __stack                       
20000000  __start___llvm_prf_cnts       
20000000  __stop___llvm_prf_cnts        
0000241d  _c_int00_noargs               
UNDEFED   _system_post_cinit            
000024b9  _system_pre_init              
000024bd  abort                         
00000351  allowFlashAccess              
0000035f  allowPeripheralAccess         
ffffffff  binit                         
0000099d  busFaultIsr                   
20001307  c                             
0000101b  convertDec_Hex                
000010a9  convertNumToString            
0000113f  copyString                    
0000068d  createSemaphore               
00000475  createThread                  
00000dc5  debounce                      
00001e69  disablePinInterrupt           
00001ba1  disablePinPulldown            
00001b59  disablePinPullup              
000018f5  disablePort                   
000021a1  disablePrivileged             
00000317  enableExceptionHandler        
00000337  enableMPU                     
00002175  enablePSPMode                 
00001e45  enablePinInterrupt            
00001b7d  enablePinPulldown             
00001b2b  enablePinPullup               
00001839  enablePort                    
000021b3  enablePrivileged              
00000e17  errant                        
00000b01  flash4Hz                      
00000000  g_pfnVectors                  
00002197  getMsp                        
0000146d  getNum                        
00001eb3  getPinValue                   
00001f69  getPortValue                  
0000218d  getPsp                        
000011c5  getString                     
00002101  getcUart0                     
00000941  hardFaultIsr                  
00000add  idle                          
00000e35  important                     
000009c1  initHw                        
00000399  initMpu                       
000003b1  initRtos                      
00002491  initSystemClockTo40Mhz        
00001ff9  initUart0                     
00000f81  ipcs                          
00002115  kbhitUart0                    
00000f91  kill                          
00000c4d  lengthyFn                     
00000e63  main                          
0000026d  mallocFromHeap                
00001305  matchCommand                  
000013bb  matchCommandArg               
00002259  memcpy                        
000022fd  memset                        
0000081d  mpuFaultIsr                   
00000b5f  oneshot                       
00000b9d  partOfLengthyFn               
00000779  pendSvIsr                     
00001009  pidof                         
00000fa3  pmap                          
00002207  popStack                      
00000761  post                          
00000fb5  preempt                       
00000f71  ps                            
00002249  pushPsp                       
000021c5  pushStack                     
000020b9  putcUart0                     
000020d5  putsUart0                     
00000d15  readKeys                      
00000a75  readPbs                       
00000f69  rebootMCU                     
0000063d  restartThread                 
000003ff  rtosScheduler                 
00001551  runShell                      
00000fdf  sched                         
00001a5f  selectPinAnalogInput          
00001a11  selectPinDigitalInput         
00001d7b  selectPinInterruptBothEdges   
00001d2b  selectPinInterruptFallingEdge 
00001dd1  selectPinInterruptHighLevel   
00001e0b  selectPinInterruptLowLevel    
00001cdb  selectPinInterruptRisingEdge  
000019c3  selectPinOpenDrainOutput      
00001975  selectPinPushPullOutput       
20001240  semaphores                    
00000343  setBackgroundRule             
00002187  setPSP                        
00001bc9  setPinAuxFunction             
00001aaf  setPinCommitControl           
00001e8d  setPinValue                   
00001ee5  setPortValue                  
000002bb  setSRAMBits                   
0000066d  setThreadPriority             
0000208d  setUart0BaudRate              
00000367  setupSramAccess               
00000e61  shell                         
0000074b  sleep                         
00000295  sramSubregionToggle           
000006d5  startRtos                     
00000651  stopThread                    
000007d9  svCallIsr                     
0000076d  systickIsr                    
2000130d  taskCount                     
2000130c  taskCurrent                   
20001000  tcb                           
20001308  testNum                       
00000e07  uncooperative                 
000009ad  usageFaultIsr                 
00000755  wait                          
00002451  waitMicrosecond               
0000073f  yield                         


GLOBAL SYMBOLS: SORTED BY Symbol Address 

address   name                          
-------   ----                          
00000000  __TI_static_base__            
00000000  g_pfnVectors                  
0000026d  mallocFromHeap                
00000295  sramSubregionToggle           
000002bb  setSRAMBits                   
00000317  enableExceptionHandler        
00000337  enableMPU                     
00000343  setBackgroundRule             
00000351  allowFlashAccess              
0000035f  allowPeripheralAccess         
00000367  setupSramAccess               
00000399  initMpu                       
000003b1  initRtos                      
000003ff  rtosScheduler                 
00000475  createThread                  
0000063d  restartThread                 
00000651  stopThread                    
0000066d  setThreadPriority             
0000068d  createSemaphore               
000006d5  startRtos                     
0000073f  yield                         
0000074b  sleep                         
00000755  wait                          
00000761  post                          
0000076d  systickIsr                    
00000779  pendSvIsr                     
000007d9  svCallIsr                     
0000081d  mpuFaultIsr                   
00000941  hardFaultIsr                  
0000099d  busFaultIsr                   
000009ad  usageFaultIsr                 
000009c1  initHw                        
00000a75  readPbs                       
00000add  idle                          
00000b01  flash4Hz                      
00000b5f  oneshot                       
00000b9d  partOfLengthyFn               
00000c4d  lengthyFn                     
00000d15  readKeys                      
00000dc5  debounce                      
00000e07  uncooperative                 
00000e17  errant                        
00000e35  important                     
00000e61  shell                         
00000e63  main                          
00000f69  rebootMCU                     
00000f71  ps                            
00000f81  ipcs                          
00000f91  kill                          
00000fa3  pmap                          
00000fb5  preempt                       
00000fdf  sched                         
00001000  __STACK_SIZE                  
00001009  pidof                         
0000101b  convertDec_Hex                
000010a9  convertNumToString            
0000113f  copyString                    
000011c5  getString                     
00001305  matchCommand                  
000013bb  matchCommandArg               
0000146d  getNum                        
00001551  runShell                      
00001839  enablePort                    
000018f5  disablePort                   
00001975  selectPinPushPullOutput       
000019c3  selectPinOpenDrainOutput      
00001a11  selectPinDigitalInput         
00001a5f  selectPinAnalogInput          
00001aaf  setPinCommitControl           
00001b2b  enablePinPullup               
00001b59  disablePinPullup              
00001b7d  enablePinPulldown             
00001ba1  disablePinPulldown            
00001bc9  setPinAuxFunction             
00001cdb  selectPinInterruptRisingEdge  
00001d2b  selectPinInterruptFallingEdge 
00001d7b  selectPinInterruptBothEdges   
00001dd1  selectPinInterruptHighLevel   
00001e0b  selectPinInterruptLowLevel    
00001e45  enablePinInterrupt            
00001e69  disablePinInterrupt           
00001e8d  setPinValue                   
00001eb3  getPinValue                   
00001ee5  setPortValue                  
00001f69  getPortValue                  
00001ff9  initUart0                     
0000208d  setUart0BaudRate              
000020b9  putcUart0                     
000020d5  putsUart0                     
00002101  getcUart0                     
00002115  kbhitUart0                    
00002175  enablePSPMode                 
00002187  setPSP                        
0000218d  getPsp                        
00002197  getMsp                        
000021a1  disablePrivileged             
000021b3  enablePrivileged              
000021c5  pushStack                     
00002207  popStack                      
00002249  pushPsp                       
00002259  __aeabi_memcpy                
00002259  __aeabi_memcpy4               
00002259  __aeabi_memcpy8               
00002259  memcpy                        
000022f5  __aeabi_memclr                
000022f5  __aeabi_memclr4               
000022f5  __aeabi_memclr8               
000022f7  __aeabi_memset                
000022f7  __aeabi_memset4               
000022f7  __aeabi_memset8               
000022fd  memset                        
0000236f  __TI_decompress_lzss          
000023d9  __TI_auto_init_nobinit_nopinit
0000241d  _c_int00_noargs               
00002451  waitMicrosecond               
00002475  __TI_zero_init_nomemset       
00002491  initSystemClockTo40Mhz        
000024a1  __TI_decompress_none          
000024af  ResetISR                      
000024b9  _system_pre_init              
000024bd  C$$EXIT                       
000024bd  abort                         
000024d4  __TI_Handler_Table_Base       
000024e0  __TI_Handler_Table_Limit      
000024e8  __TI_CINIT_Base               
000024f8  __TI_CINIT_Limit              
20000000  __stack                       
20000000  __start___llvm_prf_cnts       
20000000  __stop___llvm_prf_cnts        
20000200  __STACK_TOP                   
20001000  __STACK_END                   
20001000  tcb                           
20001240  semaphores                    
20001307  c                             
20001308  testNum                       
2000130c  taskCurrent                   
2000130d  taskCount                     
ffffffff  __TI_pprof_out_hndl           
ffffffff  __TI_prof_data_size           
ffffffff  __TI_prof_data_start          
ffffffff  __binit__                     
ffffffff  __c_args__                    
ffffffff  binit                         
UNDEFED   __mpu_init                    
UNDEFED   _system_post_cinit            

[145 symbols]
